Archive member included to satisfy reference by file (symbol)

app/libapp.a(main.c.obj)      (--whole-archive)
zephyr/libzephyr.a(crc32_sw.c.obj)
                              (--whole-archive)
zephyr/libzephyr.a(crc16_sw.c.obj)
                              (--whole-archive)
zephyr/libzephyr.a(crc8_sw.c.obj)
                              (--whole-archive)
zephyr/libzephyr.a(crc7_sw.c.obj)
                              (--whole-archive)
zephyr/libzephyr.a(dec.c.obj)
                              (--whole-archive)
zephyr/libzephyr.a(fdtable.c.obj)
                              (--whole-archive)
zephyr/libzephyr.a(hex.c.obj)
                              (--whole-archive)
zephyr/libzephyr.a(mempool.c.obj)
                              (--whole-archive)
zephyr/libzephyr.a(notify.c.obj)
                              (--whole-archive)
zephyr/libzephyr.a(printk.c.obj)
                              (--whole-archive)
zephyr/libzephyr.a(onoff.c.obj)
                              (--whole-archive)
zephyr/libzephyr.a(rb.c.obj)  (--whole-archive)
zephyr/libzephyr.a(sem.c.obj)
                              (--whole-archive)
zephyr/libzephyr.a(thread_entry.c.obj)
                              (--whole-archive)
zephyr/libzephyr.a(timeutil.c.obj)
                              (--whole-archive)
zephyr/libzephyr.a(work_q.c.obj)
                              (--whole-archive)
zephyr/libzephyr.a(heap.c.obj)
                              (--whole-archive)
zephyr/libzephyr.a(heap-validate.c.obj)
                              (--whole-archive)
zephyr/libzephyr.a(configs.c.obj)
                              (--whole-archive)
zephyr/libzephyr.a(validate_base_addresses.c.obj)
                              (--whole-archive)
zephyr/libzephyr.a(validate_enabled_instances.c.obj)
                              (--whole-archive)
zephyr/libzephyr.a(power.c.obj)
                              (--whole-archive)
zephyr/libzephyr.a(policy_residency.c.obj)
                              (--whole-archive)
zephyr/libzephyr.a(uart_console.c.obj)
                              (--whole-archive)
zephyr/libzephyr.a(clock_control_nrf.c.obj)
                              (--whole-archive)
zephyr/libzephyr.a(sys_clock_init.c.obj)
                              (--whole-archive)
zephyr/libzephyr.a(nrf_rtc_timer.c.obj)
                              (--whole-archive)
zephyr/libzephyr.a(SEGGER_RTT.c.obj)
                              (--whole-archive)
zephyr/libzephyr.a(SEGGER_RTT_zephyr.c.obj)
                              (--whole-archive)
zephyr/arch/common/libarch__common.a(isr_tables.c.obj)
                              (--whole-archive)
zephyr/arch/common/libarch__common.a(sw_isr_common.c.obj)
                              (--whole-archive)
zephyr/arch/arch/arm/core/aarch32/libarch__arm__core__aarch32.a(swap.c.obj)
                              (--whole-archive)
zephyr/arch/arch/arm/core/aarch32/libarch__arm__core__aarch32.a(swap_helper.S.obj)
                              (--whole-archive)
zephyr/arch/arch/arm/core/aarch32/libarch__arm__core__aarch32.a(irq_manage.c.obj)
                              (--whole-archive)
zephyr/arch/arch/arm/core/aarch32/libarch__arm__core__aarch32.a(thread.c.obj)
                              (--whole-archive)
zephyr/arch/arch/arm/core/aarch32/libarch__arm__core__aarch32.a(cpu_idle.S.obj)
                              (--whole-archive)
zephyr/arch/arch/arm/core/aarch32/libarch__arm__core__aarch32.a(fatal.c.obj)
                              (--whole-archive)
zephyr/arch/arch/arm/core/aarch32/libarch__arm__core__aarch32.a(nmi.c.obj)
                              (--whole-archive)
zephyr/arch/arch/arm/core/aarch32/libarch__arm__core__aarch32.a(nmi_on_reset.S.obj)
                              (--whole-archive)
zephyr/arch/arch/arm/core/aarch32/libarch__arm__core__aarch32.a(prep_c.c.obj)
                              (--whole-archive)
zephyr/arch/arch/arm/core/aarch32/libarch__arm__core__aarch32.a(isr_wrapper.S.obj)
                              (--whole-archive)
zephyr/arch/arch/arm/core/aarch32/cortex_m/libarch__arm__core__aarch32__cortex_m.a(vector_table.S.obj)
                              (--whole-archive)
zephyr/arch/arch/arm/core/aarch32/cortex_m/libarch__arm__core__aarch32__cortex_m.a(reset.S.obj)
                              (--whole-archive)
zephyr/arch/arch/arm/core/aarch32/cortex_m/libarch__arm__core__aarch32__cortex_m.a(fault_s.S.obj)
                              (--whole-archive)
zephyr/arch/arch/arm/core/aarch32/cortex_m/libarch__arm__core__aarch32__cortex_m.a(fault.c.obj)
                              (--whole-archive)
zephyr/arch/arch/arm/core/aarch32/cortex_m/libarch__arm__core__aarch32__cortex_m.a(exc_exit.S.obj)
                              (--whole-archive)
zephyr/arch/arch/arm/core/aarch32/cortex_m/libarch__arm__core__aarch32__cortex_m.a(scb.c.obj)
                              (--whole-archive)
zephyr/arch/arch/arm/core/aarch32/cortex_m/libarch__arm__core__aarch32__cortex_m.a(irq_init.c.obj)
[...]
Memory Configuration

Name             Origin             Length             Attributes
FLASH            0x0000000000000000 0x0000000000100000 xr
SRAM             0x0000000020000000 0x0000000000040000 xw
IDT_LIST         0x0000000020040000 0x0000000000000800 xw
*default*        0x0000000000000000 0xffffffffffffffff

Linker script and memory map

LOAD zephyr/CMakeFiles/zephyr_prebuilt.dir/misc/empty_file.c.obj
                0x0000000000000020                _region_min_align = 0x20

.rel.plt        0x0000000000000000        0x0
 *(SORT_BY_ALIGNMENT(.rel.plt))
                [!provide]                        PROVIDE (__rel_iplt_start = .)
 *(SORT_BY_ALIGNMENT(.rel.iplt))
 .rel.iplt      0x0000000000000000        0x0 app/libapp.a(main.c.obj)
                [!provide]                        PROVIDE (__rel_iplt_end = .)

.rela.plt       0x0000000000000000        0x0
 *(SORT_BY_ALIGNMENT(.rela.plt))
                [!provide]                        PROVIDE (__rela_iplt_start = .)
 *(SORT_BY_ALIGNMENT(.rela.iplt))
                [!provide]                        PROVIDE (__rela_iplt_end = .)

.rel.dyn
 *(SORT_BY_ALIGNMENT(.rel.*))

.rela.dyn
 *(SORT_BY_ALIGNMENT(.rela.*))

/DISCARD/
 *(SORT_BY_ALIGNMENT(.plt))
 *(SORT_BY_ALIGNMENT(.iplt))
 *(SORT_BY_ALIGNMENT(.got.plt))
 *(SORT_BY_ALIGNMENT(.igot.plt))
 *(SORT_BY_ALIGNMENT(.got))
 *(SORT_BY_ALIGNMENT(.igot))
 *(SORT_BY_ALIGNMENT(.note.GNU-stack))
                0x0000000000000000                _image_rom_start = 0x0

rom_start       0x0000000000000000      0x100
                0x0000000000000000                . = 0x0
                0x0000000000000000                . = ALIGN (0x4)
                0x0000000000000000                . = ALIGN (0x80)
                0x0000000000000000                . = ALIGN (0x100)
                0x0000000000000000                _vector_start = .
 *(SORT_BY_ALIGNMENT(.exc_vector_table))
 *(SORT_BY_ALIGNMENT(.exc_vector_table.*))
 .exc_vector_table._vector_table_section
                0x0000000000000000       0x40 zephyr/arch/arch/arm/core/aarch32/cortex_m/libarch__arm__core__aarch32__cortex_m.a(vector_table.S.obj)
                0x0000000000000000                _vector_table
 *(SORT_BY_ALIGNMENT(.gnu.linkonce.irq_vector_table))
 .gnu.linkonce.irq_vector_table
                0x0000000000000040       0xc0 zephyr/arch/common/libarch__common.a(isr_tables.c.obj)
                0x0000000000000040                _irq_vector_table
 *(SORT_BY_ALIGNMENT(.vectors))
                0x0000000000000100                _vector_end = .
 *(SORT_BY_ALIGNMENT(.openocd_dbg))
 *(SORT_BY_ALIGNMENT(.openocd_dbg.*))

text            0x0000000000000100     0x36f6
                0x0000000000000100                _image_text_start = .
 *(SORT_BY_ALIGNMENT(.text))
 .text          0x0000000000000100       0x30 /home/dafran/zephyr-sdk-0.11.3/arm-zephyr-eabi/bin/../lib/gcc/arm-zephyr-eabi/9.2.0/thumb/v7e-m/nofp/libgcc.a(_aeabi_uldivmod.o)
                0x0000000000000100                __aeabi_uldivmod
 .text          0x0000000000000130      0x2c4 /home/dafran/zephyr-sdk-0.11.3/arm-zephyr-eabi/bin/../lib/gcc/arm-zephyr-eabi/9.2.0/thumb/v7e-m/nofp/libgcc.a(_udivmoddi4.o)
                0x0000000000000130                __udivmoddi4
 .text          0x00000000000003f4        0x4 /home/dafran/zephyr-sdk-0.11.3/arm-zephyr-eabi/bin/../lib/gcc/arm-zephyr-eabi/9.2.0/thumb/v7e-m/nofp/libgcc.a(_dvmd_tls.o)
                0x00000000000003f4                __aeabi_ldiv0
                0x00000000000003f4                __aeabi_idiv0
 *(SORT_BY_ALIGNMENT(.text.*))
 .text.main     0x00000000000003f8       0x10 app/libapp.a(main.c.obj)
                0x00000000000003f8                main
 .text.print_digits
                0x0000000000000408       0x98 zephyr/libzephyr.a(printk.c.obj)
 .text.char_out
                0x00000000000004a0       0x10 zephyr/libzephyr.a(printk.c.obj)
 .text.__printk_hook_install
                0x00000000000004b0        0xc zephyr/libzephyr.a(printk.c.obj)
                0x00000000000004b0                __printk_hook_install
 .text.z_vprintk
                0x00000000000004bc      0x23c zephyr/libzephyr.a(printk.c.obj)
                0x00000000000004bc                z_vprintk
 .text.vprintk  0x00000000000006f8       0x1c zephyr/libzephyr.a(printk.c.obj)
                0x00000000000006f8                vprintk
 .text.process_event
                0x0000000000000714      0x1cc zephyr/libzephyr.a(onoff.c.obj)
 .text.uart_console_init
                0x00000000000008e0       0x2c zephyr/libzephyr.a(uart_console.c.obj)
 .text.console_out
                0x000000000000090c       0x28 zephyr/libzephyr.a(uart_console.c.obj)
 .text.onoff_stop
                0x0000000000000934       0x48 zephyr/libzephyr.a(clock_control_nrf.c.obj)
 .text.onoff_start
                0x000000000000097c       0x5c zephyr/libzephyr.a(clock_control_nrf.c.obj)
 .text.clk_init
                0x00000000000009d8       0x60 zephyr/libzephyr.a(clock_control_nrf.c.obj)
 .text.clkstarted_handle.constprop.0
                0x0000000000000a38       0x38 zephyr/libzephyr.a(clock_control_nrf.c.obj)
 .text.clock_event_handler
                0x0000000000000a70       0x1c zephyr/libzephyr.a(clock_control_nrf.c.obj)
 .text.generic_hfclk_start
                0x0000000000000a8c       0x68 zephyr/libzephyr.a(clock_control_nrf.c.obj)
 .text.generic_hfclk_stop
                0x0000000000000af4       0x2c zephyr/libzephyr.a(clock_control_nrf.c.obj)
 .text.api_blocking_start
                0x0000000000000b20       0x38 zephyr/libzephyr.a(clock_control_nrf.c.obj)
 .text.z_nrf_clock_control_lf_on
                0x0000000000000b58       0x54 zephyr/libzephyr.a(clock_control_nrf.c.obj)
                0x0000000000000b58                z_nrf_clock_control_lf_on
 .text.handle_next_cycle_case
                0x0000000000000bac       0x28 zephyr/libzephyr.a(nrf_rtc_timer.c.obj)
 .text.rtc_nrf_isr
                0x0000000000000bd4       0x2c zephyr/libzephyr.a(nrf_rtc_timer.c.obj)
                0x0000000000000bd4                rtc_nrf_isr
 .text.z_clock_driver_init
                0x0000000000000c00       0x54 zephyr/libzephyr.a(nrf_rtc_timer.c.obj)
                0x0000000000000c00                z_clock_driver_init
 .text.z_clock_set_timeout
                0x0000000000000c54       0xc4 zephyr/libzephyr.a(nrf_rtc_timer.c.obj)
                0x0000000000000c54                z_clock_set_timeout
 .text.z_clock_elapsed
                0x0000000000000d18       0x34 zephyr/libzephyr.a(nrf_rtc_timer.c.obj)
                0x0000000000000d18                z_clock_elapsed
 .text._DoInit  0x0000000000000d4c       0x60 zephyr/libzephyr.a(SEGGER_RTT.c.obj)
 .text.arch_swap
                0x0000000000000dac       0x34 zephyr/arch/arch/arm/core/aarch32/libarch__arm__core__aarch32.a(swap.c.obj)
                0x0000000000000dac                arch_swap
 .text.z_arm_pendsv
                0x0000000000000de0       0x48 zephyr/arch/arch/arm/core/aarch32/libarch__arm__core__aarch32.a(swap_helper.S.obj)
                0x0000000000000de0                z_arm_pendsv
 .text.z_arm_svc
                0x0000000000000e28       0x20 zephyr/arch/arch/arm/core/aarch32/libarch__arm__core__aarch32.a(swap_helper.S.obj)
                0x0000000000000e28                z_arm_svc
 .text.arch_irq_enable
                0x0000000000000e48       0x20 zephyr/arch/arch/arm/core/aarch32/libarch__arm__core__aarch32.a(irq_manage.c.obj)
                0x0000000000000e48                arch_irq_enable
 .text.arch_irq_is_enabled
                0x0000000000000e68       0x1c zephyr/arch/arch/arm/core/aarch32/libarch__arm__core__aarch32.a(irq_manage.c.obj)
                0x0000000000000e68                arch_irq_is_enabled
 .text.z_arm_irq_priority_set
                0x0000000000000e84       0x30 zephyr/arch/arch/arm/core/aarch32/libarch__arm__core__aarch32.a(irq_manage.c.obj)
                0x0000000000000e84                z_arm_irq_priority_set
 .text.arch_new_thread
                0x0000000000000eb4       0x38 zephyr/arch/arch/arm/core/aarch32/libarch__arm__core__aarch32.a(thread.c.obj)
                0x0000000000000eb4                arch_new_thread
 .text.arch_switch_to_main_thread
                0x0000000000000eec       0x30 zephyr/arch/arch/arm/core/aarch32/libarch__arm__core__aarch32.a(thread.c.obj)
                0x0000000000000eec                arch_switch_to_main_thread
 .text.z_arm_cpu_idle_init
                0x0000000000000f1c        0xc zephyr/arch/arch/arm/core/aarch32/libarch__arm__core__aarch32.a(cpu_idle.S.obj)
                0x0000000000000f1c                z_arm_cpu_idle_init
 .text.arch_cpu_idle
                0x0000000000000f28       0x1c zephyr/arch/arch/arm/core/aarch32/libarch__arm__core__aarch32.a(cpu_idle.S.obj)
                0x0000000000000f28                arch_cpu_idle
 .text.z_SysNmiOnReset
                0x0000000000000f44        0x8 zephyr/arch/arch/arm/core/aarch32/libarch__arm__core__aarch32.a(nmi_on_reset.S.obj)
                0x0000000000000f44                z_SysNmiOnReset
 .text.z_arm_prep_c
                0x0000000000000f4c       0x44 zephyr/arch/arch/arm/core/aarch32/libarch__arm__core__aarch32.a(prep_c.c.obj)
                0x0000000000000f4c                z_arm_prep_c
 .text._isr_wrapper
                0x0000000000000f90       0x40 zephyr/arch/arch/arm/core/aarch32/libarch__arm__core__aarch32.a(isr_wrapper.S.obj)
                0x0000000000000f90                _isr_wrapper
 .text._reset_section
                0x0000000000000fd0       0x30 zephyr/arch/arch/arm/core/aarch32/cortex_m/libarch__arm__core__aarch32__cortex_m.a(reset.S.obj)
                0x0000000000000fd0                z_arm_reset
                0x0000000000000fd0                __start
 .text.__fault  0x0000000000001000       0x14 zephyr/arch/arch/arm/core/aarch32/cortex_m/libarch__arm__core__aarch32__cortex_m.a(fault_s.S.obj)
                0x0000000000001000                z_arm_bus_fault
                0x0000000000001000                z_arm_usage_fault
                0x0000000000001000                z_arm_mpu_fault
                0x0000000000001000                z_arm_exc_spurious
                0x0000000000001000                z_arm_debug_monitor
                0x0000000000001000                z_arm_hard_fault
 .text.mem_manage_fault.isra.0
                0x0000000000001014       0x38 zephyr/arch/arch/arm/core/aarch32/cortex_m/libarch__arm__core__aarch32__cortex_m.a(fault.c.obj)
 .text.bus_fault.isra.0
                0x000000000000104c       0x3c zephyr/arch/arch/arm/core/aarch32/cortex_m/libarch__arm__core__aarch32__cortex_m.a(fault.c.obj)
 .text.usage_fault.isra.0
                0x0000000000001088       0x24 zephyr/arch/arch/arm/core/aarch32/cortex_m/libarch__arm__core__aarch32__cortex_m.a(fault.c.obj)
 .text.z_arm_fault
                0x00000000000010ac       0xe8 zephyr/arch/arch/arm/core/aarch32/cortex_m/libarch__arm__core__aarch32__cortex_m.a(fault.c.obj)
                0x00000000000010ac                z_arm_fault
 .text.z_arm_fault_init
                0x0000000000001194       0x10 zephyr/arch/arch/arm/core/aarch32/cortex_m/libarch__arm__core__aarch32__cortex_m.a(fault.c.obj)
                0x0000000000001194                z_arm_fault_init
 .text._HandlerModeExit
                0x00000000000011a4       0x1c zephyr/arch/arch/arm/core/aarch32/cortex_m/libarch__arm__core__aarch32__cortex_m.a(exc_exit.S.obj)
                0x00000000000011a4                z_arm_exc_exit
                0x00000000000011a4                z_arm_int_exit
 .text.z_arm_interrupt_init
                0x00000000000011c0       0x18 zephyr/arch/arch/arm/core/aarch32/cortex_m/libarch__arm__core__aarch32__cortex_m.a(irq_init.c.obj)
                0x00000000000011c0                z_arm_interrupt_init
 .text.z_impl_k_thread_abort
                0x00000000000011d8       0x4c zephyr/arch/arch/arm/core/aarch32/cortex_m/libarch__arm__core__aarch32__cortex_m.a(thread_abort.c.obj)
                0x00000000000011d8                z_impl_k_thread_abort
 .text.z_arm_configure_static_mpu_regions
                0x0000000000001224       0x38 zephyr/arch/arch/arm/core/aarch32/cortex_m/mpu/libarch__arm__core__aarch32__cortex_m__mpu.a(arm_core_mpu.c.obj)
                0x0000000000001224                z_arm_configure_static_mpu_regions
 .text.mpu_configure_regions
                0x000000000000125c       0x8c zephyr/arch/arch/arm/core/aarch32/cortex_m/mpu/libarch__arm__core__aarch32__cortex_m__mpu.a(arm_mpu.c.obj)
 .text.arm_core_mpu_enable
                0x00000000000012e8       0x14 zephyr/arch/arch/arm/core/aarch32/cortex_m/mpu/libarch__arm__core__aarch32__cortex_m__mpu.a(arm_mpu.c.obj)
                0x00000000000012e8                arm_core_mpu_enable
 .text.arm_core_mpu_disable
                0x00000000000012fc       0x10 zephyr/arch/arch/arm/core/aarch32/cortex_m/mpu/libarch__arm__core__aarch32__cortex_m__mpu.a(arm_mpu.c.obj)
                0x00000000000012fc                arm_core_mpu_disable
 .text.arm_mpu_init
                0x000000000000130c       0x5c zephyr/arch/arch/arm/core/aarch32/cortex_m/mpu/libarch__arm__core__aarch32__cortex_m__mpu.a(arm_mpu.c.obj)
 .text.arm_core_mpu_configure_static_mpu_regions
                0x0000000000001368       0x14 zephyr/arch/arch/arm/core/aarch32/cortex_m/mpu/libarch__arm__core__aarch32__cortex_m__mpu.a(arm_mpu.c.obj)
                0x0000000000001368                arm_core_mpu_configure_static_mpu_regions
 .text.__stdout_hook_install
                0x000000000000137c        0xc zephyr/lib/libc/minimal/liblib__libc__minimal.a(stdout_console.c.obj)
                0x000000000000137c                __stdout_hook_install
 .text.nordicsemi_nrf52_init
                0x0000000000001388       0x30 zephyr/soc/arm/nordic_nrf/nrf52/libsoc__arm__nordic_nrf__nrf52.a(soc.c.obj)
 .text.arch_busy_wait
                0x00000000000013b8       0x14 zephyr/soc/arm/nordic_nrf/nrf52/libsoc__arm__nordic_nrf__nrf52.a(soc.c.obj)
                0x00000000000013b8                arch_busy_wait
 .text.gpio_nrfx_init
                0x00000000000013cc       0x30 zephyr/drivers/gpio/libdrivers__gpio.a(gpio_nrfx.c.obj)
 .text.gpio_nrfx_config
                0x00000000000013fc       0xc0 zephyr/drivers/gpio/libdrivers__gpio.a(gpio_nrfx.c.obj)
 .text.nrf_gpio_cfg_sense_set
                0x00000000000014bc       0x2c zephyr/drivers/gpio/libdrivers__gpio.a(gpio_nrfx.c.obj)
 .text.gpio_nrfx_pin_interrupt_configure
                0x00000000000014e8      0x1dc zephyr/drivers/gpio/libdrivers__gpio.a(gpio_nrfx.c.obj)
 .text.gpiote_event_handler
                0x00000000000016c4       0xbc zephyr/drivers/gpio/libdrivers__gpio.a(gpio_nrfx.c.obj)
 .text.uart_nrfx_poll_in
                0x0000000000001780       0x24 zephyr/drivers/serial/libdrivers__serial.a(uart_nrfx_uart.c.obj)
 .text.uart_nrfx_err_check
                0x00000000000017a4       0x10 zephyr/drivers/serial/libdrivers__serial.a(uart_nrfx_uart.c.obj)
 .text.uart_nrfx_configure
                0x00000000000017b4      0x170 zephyr/drivers/serial/libdrivers__serial.a(uart_nrfx_uart.c.obj)
 .text.uart_nrfx_poll_out
                0x0000000000001924       0x80 zephyr/drivers/serial/libdrivers__serial.a(uart_nrfx_uart.c.obj)
 .text.nrf_gpio_pin_set
                0x00000000000019a4       0x20 zephyr/drivers/serial/libdrivers__serial.a(uart_nrfx_uart.c.obj)
 .text.uart_nrfx_init
                0x00000000000019c4       0x6c zephyr/drivers/serial/libdrivers__serial.a(uart_nrfx_uart.c.obj)
 .text.uarte_nrfx_configure
                0x0000000000001a30      0x168 zephyr/drivers/serial/libdrivers__serial.a(uart_nrfx_uarte.c.obj)
 .text.nrf_gpio_cfg_output
                0x0000000000001b98       0x20 zephyr/drivers/serial/libdrivers__serial.a(uart_nrfx_uarte.c.obj)
 .text.nrf_gpio_pin_set
                0x0000000000001bb8       0x20 zephyr/drivers/serial/libdrivers__serial.a(uart_nrfx_uarte.c.obj)
 .text.uarte_1_init
                0x0000000000001bd8       0x68 zephyr/drivers/serial/libdrivers__serial.a(uart_nrfx_uarte.c.obj)
 .text.nrf52_errata_36
                0x0000000000001c40       0x14 modules/nordic/lib..__modules__hal__nordic.a(system_nrf52840.c.obj)
 .text.nrf52_errata_98
                0x0000000000001c54       0x28 modules/nordic/lib..__modules__hal__nordic.a(system_nrf52840.c.obj)
 .text.SystemInit
                0x0000000000001c7c      0x1b8 modules/nordic/lib..__modules__hal__nordic.a(system_nrf52840.c.obj)
                0x0000000000001c7c                SystemInit
 .text.nrfx_clock_init
                0x0000000000001e34       0x20 modules/nordic/lib..__modules__hal__nordic.a(nrfx_clock.c.obj)
                0x0000000000001e34                nrfx_clock_init
 .text.nrfx_clock_enable
                0x0000000000001e54       0x24 modules/nordic/lib..__modules__hal__nordic.a(nrfx_clock.c.obj)
                0x0000000000001e54                nrfx_clock_enable
 .text.nrfx_clock_start
                0x0000000000001e78       0x3c modules/nordic/lib..__modules__hal__nordic.a(nrfx_clock.c.obj)
                0x0000000000001e78                nrfx_clock_start
 .text.nrfx_clock_stop
                0x0000000000001eb4       0x8c modules/nordic/lib..__modules__hal__nordic.a(nrfx_clock.c.obj)
                0x0000000000001eb4                nrfx_clock_stop
 .text.nrfx_clock_irq_handler
                0x0000000000001f40       0x54 modules/nordic/lib..__modules__hal__nordic.a(nrfx_clock.c.obj)
                0x0000000000001f40                nrfx_clock_irq_handler
 .text.nrfx_power_irq_handler
                0x0000000000001f94       0xa0 modules/nordic/lib..__modules__hal__nordic.a(nrfx_power.c.obj)
                0x0000000000001f94                nrfx_power_irq_handler
 .text.z_sys_init_run_level
                0x0000000000002034       0x2c zephyr/kernel/libkernel.a(device.c.obj)
                0x0000000000002034                z_sys_init_run_level
 .text.z_impl_device_get_binding
                0x0000000000002060       0x48 zephyr/kernel/libkernel.a(device.c.obj)
                0x0000000000002060                z_impl_device_get_binding
 .text.idle     0x00000000000020a8       0x34 zephyr/kernel/libkernel.a(idle.c.obj)
                0x00000000000020a8                idle
 .text.z_bss_zero
                0x00000000000020dc       0x14 zephyr/kernel/libkernel.a(init.c.obj)
                0x00000000000020dc                z_bss_zero
 .text.z_data_copy
                0x00000000000020f0       0x34 zephyr/kernel/libkernel.a(init.c.obj)
                0x00000000000020f0                z_data_copy
 .text.bg_thread_main
                0x0000000000002124       0x48 zephyr/kernel/libkernel.a(init.c.obj)
 .text.z_cstart
                0x000000000000216c      0x104 zephyr/kernel/libkernel.a(init.c.obj)
                0x000000000000216c                z_cstart
 .text.z_reset_time_slice
                0x0000000000002270       0x2c zephyr/kernel/libkernel.a(sched.c.obj)
                0x0000000000002270                z_reset_time_slice
 .text.k_sched_time_slice_set
                0x000000000000229c       0x58 zephyr/kernel/libkernel.a(sched.c.obj)
                0x000000000000229c                k_sched_time_slice_set
 .text.z_reschedule
                0x00000000000022f4       0x24 zephyr/kernel/libkernel.a(sched.c.obj)
                0x00000000000022f4                z_reschedule
 .text.k_sched_lock
                0x0000000000002318       0x28 zephyr/kernel/libkernel.a(sched.c.obj)
                0x0000000000002318                k_sched_lock
 .text.z_priq_dumb_remove
                0x0000000000002340       0x2c zephyr/kernel/libkernel.a(sched.c.obj)
                0x0000000000002340                z_priq_dumb_remove
 .text.update_cache
                0x000000000000236c       0x48 zephyr/kernel/libkernel.a(sched.c.obj)
 .text.k_sched_unlock
                0x00000000000023b4       0x38 zephyr/kernel/libkernel.a(sched.c.obj)
                0x00000000000023b4                k_sched_unlock
 .text.ready_thread
                0x00000000000023ec       0x68 zephyr/kernel/libkernel.a(sched.c.obj)
 .text.z_sched_start
                0x0000000000002454       0x3c zephyr/kernel/libkernel.a(sched.c.obj)
                0x0000000000002454                z_sched_start
 .text.z_move_thread_to_end_of_prio_q
                0x0000000000002490       0x8c zephyr/kernel/libkernel.a(sched.c.obj)
                0x0000000000002490                z_move_thread_to_end_of_prio_q
 .text.z_time_slice
                0x000000000000251c       0x6c zephyr/kernel/libkernel.a(sched.c.obj)
                0x000000000000251c                z_time_slice
 .text.z_impl_k_thread_suspend
                0x0000000000002588       0x68 zephyr/kernel/libkernel.a(sched.c.obj)
                0x0000000000002588                z_impl_k_thread_suspend
 .text.z_thread_single_abort
                0x00000000000025f0       0xb8 zephyr/kernel/libkernel.a(sched.c.obj)
                0x00000000000025f0                z_thread_single_abort
 .text.unready_thread
                0x00000000000026a8       0x34 zephyr/kernel/libkernel.a(sched.c.obj)
 .text.z_tick_sleep.part.0
                0x00000000000026dc       0x5c zephyr/kernel/libkernel.a(sched.c.obj)
 .text.pend     0x0000000000002738       0x4c zephyr/kernel/libkernel.a(sched.c.obj)
 .text.z_pend_curr
                0x0000000000002784       0x28 zephyr/kernel/libkernel.a(sched.c.obj)
                0x0000000000002784                z_pend_curr
 .text.z_sched_init
                0x00000000000027ac       0x18 zephyr/kernel/libkernel.a(sched.c.obj)
                0x00000000000027ac                z_sched_init
 .text.z_impl_k_yield
                0x00000000000027c4       0x9c zephyr/kernel/libkernel.a(sched.c.obj)
                0x00000000000027c4                z_impl_k_yield
 .text.z_impl_k_sleep
                0x0000000000002860       0x40 zephyr/kernel/libkernel.a(sched.c.obj)
                0x0000000000002860                z_impl_k_sleep
 .text.z_impl_k_current_get
                0x00000000000028a0        0xc zephyr/kernel/libkernel.a(sched.c.obj)
                0x00000000000028a0                z_impl_k_current_get
 .text.z_impl_k_sem_give
                0x00000000000028ac       0x40 zephyr/kernel/libkernel.a(sem.c.obj)
                0x00000000000028ac                z_impl_k_sem_give
 .text.z_impl_k_sem_take
                0x00000000000028ec       0x54 zephyr/kernel/libkernel.a(sem.c.obj)
                0x00000000000028ec                z_impl_k_sem_take
 .text.z_setup_new_thread
                0x0000000000002940       0x60 zephyr/kernel/libkernel.a(thread.c.obj)
                0x0000000000002940                z_setup_new_thread
 .text.z_init_static_threads
                0x00000000000029a0       0xbc zephyr/kernel/libkernel.a(thread.c.obj)
                0x00000000000029a0                z_init_static_threads
 .text.elapsed  0x0000000000002a5c       0x14 zephyr/kernel/libkernel.a(timeout.c.obj)
 .text.remove_timeout
                0x0000000000002a70       0x34 zephyr/kernel/libkernel.a(timeout.c.obj)
 .text.next_timeout
                0x0000000000002aa4       0x34 zephyr/kernel/libkernel.a(timeout.c.obj)
 .text.z_add_timeout
                0x0000000000002ad8      0x110 zephyr/kernel/libkernel.a(timeout.c.obj)
                0x0000000000002ad8                z_add_timeout
 .text.z_clock_announce
                0x0000000000002be8       0xdc zephyr/kernel/libkernel.a(timeout.c.obj)
                0x0000000000002be8                z_clock_announce
 .text.z_tick_get
                0x0000000000002cc4       0x34 zephyr/kernel/libkernel.a(timeout.c.obj)
                0x0000000000002cc4                z_tick_get
 .text.statics_init
                0x0000000000002cf8       0x24 zephyr/kernel/libkernel.a(kheap.c.obj)
 .text.sys_notify_validate
                0x0000000000002d1c       0x22 zephyr/libzephyr.a(notify.c.obj)
                0x0000000000002d1c                sys_notify_validate
 .text.sys_notify_finalize
                0x0000000000002d3e       0x1a zephyr/libzephyr.a(notify.c.obj)
                0x0000000000002d3e                sys_notify_finalize
 .text.arch_printk_char_out
                0x0000000000002d58        0x4 zephyr/libzephyr.a(printk.c.obj)
                0x0000000000002d58                arch_printk_char_out
 .text.printk   0x0000000000002d5c       0x1a zephyr/libzephyr.a(printk.c.obj)
                0x0000000000002d5c                printk
 .text.process_recheck
                0x0000000000002d76       0x38 zephyr/libzephyr.a(onoff.c.obj)
 .text.notify_one
                0x0000000000002dae       0x2c zephyr/libzephyr.a(onoff.c.obj)
 .text.transition_complete
                0x0000000000002dda       0x1c zephyr/libzephyr.a(onoff.c.obj)
 .text.validate_args
                0x0000000000002df6       0x1e zephyr/libzephyr.a(onoff.c.obj)
 .text.onoff_manager_init
                0x0000000000002e14       0x26 zephyr/libzephyr.a(onoff.c.obj)
                0x0000000000002e14                onoff_manager_init
 .text.onoff_request
                0x0000000000002e3a       0x92 zephyr/libzephyr.a(onoff.c.obj)
                0x0000000000002e3a                onoff_request
 .text.z_thread_entry
                0x0000000000002ecc       0x14 zephyr/libzephyr.a(thread_entry.c.obj)
                0x0000000000002ecc                z_thread_entry
 .text.chunk_field
                0x0000000000002ee0       0x16 zephyr/libzephyr.a(heap.c.obj)
 .text.chunk_set
                0x0000000000002ef6       0x16 zephyr/libzephyr.a(heap.c.obj)
 .text.chunk_size
                0x0000000000002f0c        0xc zephyr/libzephyr.a(heap.c.obj)
 .text.set_chunk_used
                0x0000000000002f18       0x30 zephyr/libzephyr.a(heap.c.obj)
 .text.set_chunk_size
                0x0000000000002f48        0x8 zephyr/libzephyr.a(heap.c.obj)
 .text.bucket_idx
                0x0000000000002f50       0x1a zephyr/libzephyr.a(heap.c.obj)
 .text.free_list_add
                0x0000000000002f6a       0x8a zephyr/libzephyr.a(heap.c.obj)
 .text.sys_heap_init
                0x0000000000002ff4       0xa4 zephyr/libzephyr.a(heap.c.obj)
                0x0000000000002ff4                sys_heap_init
 .text._ConfigAbsSyms
                0x0000000000003098        0x2 zephyr/libzephyr.a(configs.c.obj)
                0x0000000000003098                _ConfigAbsSyms
 .text.get_status
                0x000000000000309a       0x12 zephyr/libzephyr.a(clock_control_nrf.c.obj)
 .text.set_off_state
                0x00000000000030ac       0x32 zephyr/libzephyr.a(clock_control_nrf.c.obj)
 .text.set_starting_state
                0x00000000000030de       0x3c zephyr/libzephyr.a(clock_control_nrf.c.obj)
 .text.set_on_state
                0x000000000000311a       0x26 zephyr/libzephyr.a(clock_control_nrf.c.obj)
 .text.onoff_started_callback
                0x0000000000003140       0x12 zephyr/libzephyr.a(clock_control_nrf.c.obj)
 .text.blocking_start_callback
                0x0000000000003152        0x6 zephyr/libzephyr.a(clock_control_nrf.c.obj)
 .text.lfclk_stop
                0x0000000000003158        0x6 zephyr/libzephyr.a(clock_control_nrf.c.obj)
 .text.lfclk_start
                0x000000000000315e        0x6 zephyr/libzephyr.a(clock_control_nrf.c.obj)
 .text.lfclk_spinwait
                0x0000000000003164       0x1a zephyr/libzephyr.a(clock_control_nrf.c.obj)
 .text.api_stop
                0x000000000000317e       0x28 zephyr/libzephyr.a(clock_control_nrf.c.obj)
 .text.api_start
                0x00000000000031a6       0x3c zephyr/libzephyr.a(clock_control_nrf.c.obj)
 .text.z_clock_isr
                0x00000000000031e2        0x2 zephyr/libzephyr.a(sys_clock_init.c.obj)
                0x00000000000031e2                z_clock_isr
 .text.z_clock_idle_exit
                0x00000000000031e4        0x2 zephyr/libzephyr.a(sys_clock_init.c.obj)
                0x00000000000031e4                z_clock_idle_exit
 .text.SEGGER_RTT_Init
                0x00000000000031e6        0x4 zephyr/libzephyr.a(SEGGER_RTT.c.obj)
                0x00000000000031e6                SEGGER_RTT_Init
 .text.rtt_init
                0x00000000000031ea        0xa zephyr/libzephyr.a(SEGGER_RTT_zephyr.c.obj)
 .text.z_irq_spurious
                0x00000000000031f4        0x8 zephyr/arch/arch/arm/core/aarch32/libarch__arm__core__aarch32.a(irq_manage.c.obj)
                0x00000000000031f4                z_irq_spurious
 .text.z_arm_fatal_error
                0x00000000000031fc        0x4 zephyr/arch/arch/arm/core/aarch32/libarch__arm__core__aarch32.a(fatal.c.obj)
                0x00000000000031fc                z_arm_fatal_error
 .text.z_do_kernel_oops
                0x0000000000003200        0x8 zephyr/arch/arch/arm/core/aarch32/libarch__arm__core__aarch32.a(fatal.c.obj)
                0x0000000000003200                z_do_kernel_oops
 .text.z_arm_nmi
                0x0000000000003208        0xe zephyr/arch/arch/arm/core/aarch32/libarch__arm__core__aarch32.a(nmi.c.obj)
                0x0000000000003208                z_arm_nmi
 .text.strcpy   0x0000000000003216       0x14 zephyr/lib/libc/minimal/liblib__libc__minimal.a(string.c.obj)
                0x0000000000003216                strcpy
 .text.strcmp   0x000000000000322a       0x18 zephyr/lib/libc/minimal/liblib__libc__minimal.a(string.c.obj)
                0x000000000000322a                strcmp
 .text.memcpy   0x0000000000003242       0x56 zephyr/lib/libc/minimal/liblib__libc__minimal.a(string.c.obj)
                0x0000000000003242                memcpy
 .text.memset   0x0000000000003298       0x46 zephyr/lib/libc/minimal/liblib__libc__minimal.a(string.c.obj)
                0x0000000000003298                memset
 .text._stdout_hook_default
                0x00000000000032de        0x6 zephyr/lib/libc/minimal/liblib__libc__minimal.a(stdout_console.c.obj)
 .text.z_platform_init
                0x00000000000032e4        0x4 zephyr/soc/arm/nordic_nrf/nrf52/libsoc__arm__nordic_nrf__nrf52.a(soc.c.obj)
                0x00000000000032e4                z_platform_init
 .text.gpio_fire_callbacks
                0x00000000000032e8       0x30 zephyr/drivers/gpio/libdrivers__gpio.a(gpio_nrfx.c.obj)
 .text.gpio_nrfx_port_get_raw
                0x0000000000003318        0xe zephyr/drivers/gpio/libdrivers__gpio.a(gpio_nrfx.c.obj)
 .text.gpio_nrfx_port_set_masked_raw
                0x0000000000003326       0x16 zephyr/drivers/gpio/libdrivers__gpio.a(gpio_nrfx.c.obj)
 .text.gpio_nrfx_port_set_bits_raw
                0x000000000000333c        0xc zephyr/drivers/gpio/libdrivers__gpio.a(gpio_nrfx.c.obj)
 .text.gpio_nrfx_port_clear_bits_raw
                0x0000000000003348        0xc zephyr/drivers/gpio/libdrivers__gpio.a(gpio_nrfx.c.obj)
 .text.gpio_nrfx_port_toggle_bits
                0x0000000000003354       0x12 zephyr/drivers/gpio/libdrivers__gpio.a(gpio_nrfx.c.obj)
 .text.gpio_nrfx_manage_callback
                0x0000000000003366       0x56 zephyr/drivers/gpio/libdrivers__gpio.a(gpio_nrfx.c.obj)
 .text.check_level_trigger_pins
                0x00000000000033bc       0x52 zephyr/drivers/gpio/libdrivers__gpio.a(gpio_nrfx.c.obj)
 .text.cfg_level_pins
                0x000000000000340e       0x4c zephyr/drivers/gpio/libdrivers__gpio.a(gpio_nrfx.c.obj)
 .text.uart_nrfx_config_get
                0x000000000000345a       0x10 zephyr/drivers/serial/libdrivers__serial.a(uart_nrfx_uart.c.obj)
 .text.nrf_gpio_cfg_output
                0x000000000000346a       0x10 zephyr/drivers/serial/libdrivers__serial.a(uart_nrfx_uart.c.obj)
 .text.uarte_nrfx_config_get
                0x000000000000347a       0x10 zephyr/drivers/serial/libdrivers__serial.a(uart_nrfx_uarte.c.obj)
 .text.uarte_nrfx_err_check
                0x000000000000348a        0xe zephyr/drivers/serial/libdrivers__serial.a(uart_nrfx_uarte.c.obj)
 .text.uarte_nrfx_poll_in
                0x0000000000003498       0x26 zephyr/drivers/serial/libdrivers__serial.a(uart_nrfx_uarte.c.obj)
 .text.uarte_nrfx_poll_out
                0x00000000000034be       0x8a zephyr/drivers/serial/libdrivers__serial.a(uart_nrfx_uarte.c.obj)
 .text.nrfx_isr
                0x0000000000003548        0x2 modules/nordic/lib..__modules__hal__nordic.a(nrfx_glue.c.obj)
                0x0000000000003548                nrfx_isr
 .text.nrfx_busy_wait
                0x000000000000354a        0x4 modules/nordic/lib..__modules__hal__nordic.a(nrfx_glue.c.obj)
                0x000000000000354a                nrfx_busy_wait
 .text.nrf_power_event_get_and_clear.constprop.0
                0x000000000000354e       0x18 modules/nordic/lib..__modules__hal__nordic.a(nrfx_power.c.obj)
 .text.nrfx_power_clock_irq_handler
                0x0000000000003566        0xe modules/nordic/lib..__modules__hal__nordic.a(nrfx_power.c.obj)
                0x0000000000003566                nrfx_power_clock_irq_handler
 .text.arch_system_halt
                0x0000000000003574       0x12 zephyr/kernel/libkernel.a(fatal.c.obj)
                0x0000000000003574                arch_system_halt
 .text.k_sys_fatal_error_handler
                0x0000000000003586        0x6 zephyr/kernel/libkernel.a(fatal.c.obj)
                0x0000000000003586                k_sys_fatal_error_handler
 .text.z_fatal_error
                0x000000000000358c       0x36 zephyr/kernel/libkernel.a(fatal.c.obj)
                0x000000000000358c                z_fatal_error
 .text.z_sys_power_save_idle_exit
                0x00000000000035c2        0x4 zephyr/kernel/libkernel.a(idle.c.obj)
                0x00000000000035c2                z_sys_power_save_idle_exit
 .text.z_reschedule_irqlock
                0x00000000000035c6       0x18 zephyr/kernel/libkernel.a(sched.c.obj)
                0x00000000000035c6                z_reschedule_irqlock
 .text.z_reschedule_unlocked
                0x00000000000035de       0x14 zephyr/kernel/libkernel.a(sched.c.obj)
 .text.z_priq_dumb_best
                0x00000000000035f2       0x14 zephyr/kernel/libkernel.a(sched.c.obj)
                0x00000000000035f2                z_priq_dumb_best
 .text.z_ready_thread
                0x0000000000003606       0x20 zephyr/kernel/libkernel.a(sched.c.obj)
                0x0000000000003606                z_ready_thread
 .text.z_thread_timeout
                0x0000000000003626       0x56 zephyr/kernel/libkernel.a(sched.c.obj)
                0x0000000000003626                z_thread_timeout
 .text.z_remove_thread_from_ready_q
                0x000000000000367c       0x20 zephyr/kernel/libkernel.a(sched.c.obj)
                0x000000000000367c                z_remove_thread_from_ready_q
 .text.add_to_waitq_locked
                0x000000000000369c       0x56 zephyr/kernel/libkernel.a(sched.c.obj)
 .text.z_unpend_first_thread
                0x00000000000036f2       0x5a zephyr/kernel/libkernel.a(sched.c.obj)
                0x00000000000036f2                z_unpend_first_thread
 .text.k_is_in_isr
                0x000000000000374c        0xc zephyr/kernel/libkernel.a(thread.c.obj)
                0x000000000000374c                k_is_in_isr
 .text.z_impl_k_busy_wait
                0x0000000000003758        0x4 zephyr/kernel/libkernel.a(thread.c.obj)
                0x0000000000003758                z_impl_k_busy_wait
 .text.z_abort_timeout
                0x000000000000375c       0x2c zephyr/kernel/libkernel.a(timeout.c.obj)
                0x000000000000375c                z_abort_timeout
 .text.z_get_next_timeout_expiry
                0x0000000000003788       0x20 zephyr/kernel/libkernel.a(timeout.c.obj)
                0x0000000000003788                z_get_next_timeout_expiry
 .text.z_set_timeout_expiry
                0x00000000000037a8       0x34 zephyr/kernel/libkernel.a(timeout.c.obj)
                0x00000000000037a8                z_set_timeout_expiry
 .text.z_tick_get_32
                0x00000000000037dc        0x8 zephyr/kernel/libkernel.a(timeout.c.obj)
                0x00000000000037dc                z_tick_get_32
 .text.k_heap_init
                0x00000000000037e4       0x10 zephyr/kernel/libkernel.a(kheap.c.obj)
                0x00000000000037e4                k_heap_init
 .text._OffsetAbsSyms
                0x00000000000037f4        0x2 zephyr/CMakeFiles/offsets.dir/./arch/arm/core/offsets/offsets.c.obj
                0x00000000000037f4                _OffsetAbsSyms
 *(SORT_BY_ALIGNMENT(.gnu.linkonce.t.*))
 *(SORT_BY_ALIGNMENT(.glue_7t))
 .glue_7t       0x00000000000037f6        0x0 linker stubs
 *(SORT_BY_ALIGNMENT(.glue_7))
 .glue_7        0x00000000000037f6        0x0 linker stubs
 *(SORT_BY_ALIGNMENT(.vfp11_veneer))
 .vfp11_veneer  0x00000000000037f6        0x0 linker stubs
 *(SORT_BY_ALIGNMENT(.v4_bx))
 .v4_bx         0x00000000000037f6        0x0 linker stubs
                0x00000000000037f6                _image_text_end = .

.ARM.exidx      0x00000000000037f8        0x8
                0x00000000000037f8                __exidx_start = .
 *(SORT_BY_ALIGNMENT(.ARM.exidx*) SORT_BY_ALIGNMENT(gnu.linkonce.armexidx.*))
 .ARM.exidx     0x00000000000037f8        0x8 /home/dafran/zephyr-sdk-0.11.3/arm-zephyr-eabi/bin/../lib/gcc/arm-zephyr-eabi/9.2.0/thumb/v7e-m/nofp/libgcc.a(_udivmoddi4.o)
                0x0000000000003800                __exidx_end = .
                0x0000000000003800                _image_rodata_start = .

initlevel       0x0000000000003800       0x58
                0x0000000000003800                __init_start = .
                0x0000000000003800                __init_PRE_KERNEL_1_start = .
 *(SORT_BY_NAME(SORT_BY_ALIGNMENT(.init_PRE_KERNEL_1[0-9])))
 .init_PRE_KERNEL_10
                0x0000000000003800        0x8 zephyr/soc/arm/nordic_nrf/nrf52/libsoc__arm__nordic_nrf__nrf52.a(soc.c.obj)
 *(SORT_BY_NAME(SORT_BY_ALIGNMENT(.init_PRE_KERNEL_1[1-9][0-9])))
 .init_PRE_KERNEL_130
                0x0000000000003808        0x8 zephyr/libzephyr.a(SEGGER_RTT_zephyr.c.obj)
 .init_PRE_KERNEL_130
                0x0000000000003810        0x8 zephyr/kernel/libkernel.a(kheap.c.obj)
 .init_PRE_KERNEL_140
                0x0000000000003818        0x8 zephyr/arch/arch/arm/core/aarch32/cortex_m/mpu/libarch__arm__core__aarch32__cortex_m__mpu.a(arm_mpu.c.obj)
 .init_PRE_KERNEL_150
                0x0000000000003820        0x8 zephyr/libzephyr.a(clock_control_nrf.c.obj)
 .init_PRE_KERNEL_150
                0x0000000000003828        0x8 zephyr/drivers/serial/libdrivers__serial.a(uart_nrfx_uart.c.obj)
 .init_PRE_KERNEL_150
                0x0000000000003830        0x8 zephyr/drivers/serial/libdrivers__serial.a(uart_nrfx_uarte.c.obj)
 .init_PRE_KERNEL_160
                0x0000000000003838        0x8 zephyr/libzephyr.a(uart_console.c.obj)
                0x0000000000003840                __init_PRE_KERNEL_2_start = .
 *(SORT_BY_NAME(SORT_BY_ALIGNMENT(.init_PRE_KERNEL_2[0-9])))
 .init_PRE_KERNEL_20
                0x0000000000003840        0x8 zephyr/libzephyr.a(sys_clock_init.c.obj)
 *(SORT_BY_NAME(SORT_BY_ALIGNMENT(.init_PRE_KERNEL_2[1-9][0-9])))
                0x0000000000003848                __init_POST_KERNEL_start = .
 *(SORT_BY_NAME(SORT_BY_ALIGNMENT(.init_POST_KERNEL[0-9])))
 *(SORT_BY_NAME(SORT_BY_ALIGNMENT(.init_POST_KERNEL[1-9][0-9])))
 .init_POST_KERNEL40
                0x0000000000003848       0x10 zephyr/drivers/gpio/libdrivers__gpio.a(gpio_nrfx.c.obj)
                0x0000000000003858                __init_APPLICATION_start = .
 *(SORT_BY_NAME(SORT_BY_ALIGNMENT(.init_APPLICATION[0-9])))
 *(SORT_BY_NAME(SORT_BY_ALIGNMENT(.init_APPLICATION[1-9][0-9])))
                0x0000000000003858                __init_SMP_start = .
 *(SORT_BY_NAME(SORT_BY_ALIGNMENT(.init_SMP[0-9])))
 *(SORT_BY_NAME(SORT_BY_ALIGNMENT(.init_SMP[1-9][0-9])))
                0x0000000000003858                __init_end = .

sw_isr_table    0x0000000000003858      0x180
                0x0000000000003858                . = ALIGN (0x0)
 *(SORT_BY_ALIGNMENT(.gnu.linkonce.sw_isr_table))
 .gnu.linkonce.sw_isr_table
                0x0000000000003858      0x180 zephyr/arch/common/libarch__common.a(isr_tables.c.obj)
                0x0000000000003858                _sw_isr_table

initlevel_error
                0x0000000000003800        0x0
 *(SORT_BY_NAME(SORT_BY_ALIGNMENT(.init_[_A-Z0-9]*)))
                0x0000000000000001                ASSERT ((SIZEOF (initlevel_error) == 0x0), Undefined initialization levels used.)

app_shmem_regions
                0x00000000000039d8        0x0
                0x00000000000039d8                __app_shmem_regions_start = .
 *(SORT_BY_NAME(SORT_BY_ALIGNMENT(.app_regions.*)))
                0x00000000000039d8                __app_shmem_regions_end = .

bt_l2cap_fixed_chan_area
                0x00000000000039d8        0x0
                0x00000000000039d8                _bt_l2cap_fixed_chan_list_start = .
 *(SORT_BY_NAME(SORT_BY_ALIGNMENT(._bt_l2cap_fixed_chan.static.*)))
                0x00000000000039d8                _bt_l2cap_fixed_chan_list_end = .

bt_gatt_service_static_area
                0x00000000000039d8        0x0
                0x00000000000039d8                _bt_gatt_service_static_list_start = .
 *(SORT_BY_NAME(SORT_BY_ALIGNMENT(._bt_gatt_service_static.static.*)))
                0x00000000000039d8                _bt_gatt_service_static_list_end = .

log_const_sections
                0x00000000000039d8        0x0
                0x00000000000039d8                __log_const_start = .
 *(SORT_BY_NAME(SORT_BY_ALIGNMENT(.log_const_*)))
                0x00000000000039d8                __log_const_end = .

log_backends_sections
                0x00000000000039d8        0x0
                0x00000000000039d8                __log_backends_start = .
 *(SORT_BY_ALIGNMENT(._log_backend.*))
                0x00000000000039d8                __log_backends_end = .

shell_area      0x00000000000039d8        0x0
                0x00000000000039d8                _shell_list_start = .
 *(SORT_BY_NAME(SORT_BY_ALIGNMENT(._shell.static.*)))
                0x00000000000039d8                _shell_list_end = .

shell_root_cmds_sections
                0x00000000000039d8        0x0
                0x00000000000039d8                __shell_root_cmds_start = .
 *(SORT_BY_NAME(SORT_BY_ALIGNMENT(.shell_root_cmd_*)))
                0x00000000000039d8                __shell_root_cmds_end = .

font_entry_sections
                0x00000000000039d8        0x0
                0x00000000000039d8                __font_entry_start = .
 *(SORT_BY_NAME(SORT_BY_ALIGNMENT(._cfb_font.*)))
                0x00000000000039d8                __font_entry_end = .

tracing_backend_area
                0x00000000000039d8        0x0
                0x00000000000039d8                _tracing_backend_list_start = .
 *(SORT_BY_NAME(SORT_BY_ALIGNMENT(._tracing_backend.static.*)))
                0x00000000000039d8                _tracing_backend_list_end = .

rodata          0x00000000000039e0      0x1b4
 *(SORT_BY_ALIGNMENT(.rodata))
 *(SORT_BY_ALIGNMENT(.rodata.*))
 .rodata.delay_machine_code.11645
                0x00000000000039e0        0x6 zephyr/soc/arm/nordic_nrf/nrf52/libsoc__arm__nordic_nrf__nrf52.a(soc.c.obj)
 *fill*         0x00000000000039e6        0x2 
 .rodata.clock_control_api
                0x00000000000039e8       0x14 zephyr/libzephyr.a(clock_control_nrf.c.obj)
 .rodata.config
                0x00000000000039fc       0x10 zephyr/libzephyr.a(clock_control_nrf.c.obj)
 .rodata.transitions.10276
                0x0000000000003a0c        0xc zephyr/libzephyr.a(clock_control_nrf.c.obj)
 .rodata.mpu_config
                0x0000000000003a18        0x8 zephyr/soc/arm/common/cortex_m/libsoc__arm__common__cortex_m.a(arm_mpu_regions.c.obj)
                0x0000000000003a18                mpu_config
 .rodata.mpu_regions
                0x0000000000003a20       0x18 zephyr/soc/arm/common/cortex_m/libsoc__arm__common__cortex_m.a(arm_mpu_regions.c.obj)
 .rodata.gpio_nrfx_drv_api_funcs
                0x0000000000003a38       0x24 zephyr/drivers/gpio/libdrivers__gpio.a(gpio_nrfx.c.obj)
 .rodata.gpio_nrfx_p0_cfg
                0x0000000000003a5c        0xc zephyr/drivers/gpio/libdrivers__gpio.a(gpio_nrfx.c.obj)
 .rodata.gpio_nrfx_p1_cfg
                0x0000000000003a68        0xc zephyr/drivers/gpio/libdrivers__gpio.a(gpio_nrfx.c.obj)
 .rodata.uart_nrfx_uart_driver_api
                0x0000000000003a74       0x14 zephyr/drivers/serial/libdrivers__serial.a(uart_nrfx_uart.c.obj)
 .rodata.uart_nrfx_uarte_driver_api
                0x0000000000003a88       0x14 zephyr/drivers/serial/libdrivers__serial.a(uart_nrfx_uarte.c.obj)
 .rodata.uarte_1z_config
                0x0000000000003a9c        0x8 zephyr/drivers/serial/libdrivers__serial.a(uart_nrfx_uarte.c.obj)
 .rodata.levels.8848
                0x0000000000003aa4       0x14 zephyr/kernel/libkernel.a(device.c.obj)
 .rodata._k_neg_eagain
                0x0000000000003ab8        0x4 zephyr/kernel/libkernel.a(errno.c.obj)
                0x0000000000003ab8                _k_neg_eagain
 .rodata.main.str1.1
                0x0000000000003abc       0x25 app/libapp.a(main.c.obj)
 .rodata.print_digits.str1.1
                0x0000000000003ae1       0x11 zephyr/libzephyr.a(printk.c.obj)
 .rodata.uart_console_init.str1.1
                0x0000000000003af2        0x7 zephyr/libzephyr.a(uart_console.c.obj)
 .rodata.str1.1
                0x0000000000003af9        0x6 zephyr/libzephyr.a(clock_control_nrf.c.obj)
 .rodata.str1.1
                0x0000000000003aff        0xa zephyr/libzephyr.a(sys_clock_init.c.obj)
 .rodata._DoInit.str1.1
                0x0000000000003b09       0x14 zephyr/libzephyr.a(SEGGER_RTT.c.obj)
 .rodata.str1.1
                0x0000000000003b1d        0xf zephyr/soc/arm/common/cortex_m/libsoc__arm__common__cortex_m.a(arm_mpu_regions.c.obj)
 .rodata.str1.1
                0x0000000000003b2c        0xe zephyr/drivers/gpio/libdrivers__gpio.a(gpio_nrfx.c.obj)
 .rodata.str1.1
                0x0000000000003b3a        0x7 zephyr/drivers/serial/libdrivers__serial.a(uart_nrfx_uart.c.obj)
 .rodata.str1.1
                0x0000000000003b3a        0x7 zephyr/drivers/serial/libdrivers__serial.a(uart_nrfx_uarte.c.obj)
 .rodata.CSWTCH.5
                0x0000000000003b41        0x4 modules/nordic/lib..__modules__hal__nordic.a(system_nrf52840.c.obj)
 .rodata.bg_thread_main.str1.1
                0x0000000000003b45       0x48 zephyr/kernel/libkernel.a(init.c.obj)
                                         0x49 (size before relaxing)
 .rodata.z_cstart.str1.1
                0x0000000000003b8d        0x5 zephyr/kernel/libkernel.a(init.c.obj)
 *(SORT_BY_ALIGNMENT(.gnu.linkonce.r.*))
                0x0000000000003b94                . = ALIGN (0x4)
 *fill*         0x0000000000003b92        0x2 
                0x0000000000003b94                _image_rodata_end = .
                0x0000000000003ba0                . = ALIGN (_region_min_align)
                0x0000000000004000                . = ALIGN ((0x1 << LOG2CEIL ((_image_rodata_end - _image_rom_start))))
                0x0000000000004000                _image_rom_end = .
                0x0000000020000000                . = 0x20000000
                0x0000000020000000                . = ALIGN (_region_min_align)
                0x0000000020000000                _image_ram_start = .

.ramfunc        0x0000000020000000        0x0 load address 0x0000000000003b94
                0x0000000020000000                . = ALIGN (_region_min_align)
                0x0000000020000000                . = ALIGN ((0x1 << LOG2CEIL (_ramfunc_ram_size)))
                0x0000000020000000                _ramfunc_ram_start = .
 *(SORT_BY_ALIGNMENT(.ramfunc))
 *(SORT_BY_ALIGNMENT(.ramfunc.*))
                0x0000000020000000                . = ALIGN (_region_min_align)
                0x0000000020000000                . = ALIGN ((0x1 << LOG2CEIL (_ramfunc_ram_size)))
                0x0000000020000000                _ramfunc_ram_end = .
                0x0000000000000000                _ramfunc_ram_size = (_ramfunc_ram_end - _ramfunc_ram_start)
                0x0000000000003b94                _ramfunc_rom_start = LOADADDR (.ramfunc)

datas           0x0000000020000000       0x2c load address 0x0000000000003b94
                0x0000000020000000                __data_ram_start = .
 *(SORT_BY_ALIGNMENT(.data))
 *(SORT_BY_ALIGNMENT(.data.*))
 .data._char_out
                0x0000000020000000        0x4 zephyr/libzephyr.a(printk.c.obj)
                0x0000000020000000                _char_out
 .data._stdout_hook
                0x0000000020000004        0x4 zephyr/lib/libc/minimal/liblib__libc__minimal.a(stdout_console.c.obj)
 .data.uart_nrfx_uart0_data
                0x0000000020000008        0x8 zephyr/drivers/serial/libdrivers__serial.a(uart_nrfx_uart.c.obj)
 .data.uarte_1_data
                0x0000000020000010       0x10 zephyr/drivers/serial/libdrivers__serial.a(uart_nrfx_uarte.c.obj)
 .data.SystemCoreClock
                0x0000000020000020        0x4 modules/nordic/lib..__modules__hal__nordic.a(system_nrf52840.c.obj)
                0x0000000020000020                SystemCoreClock
 .data.timeout_list
                0x0000000020000024        0x8 zephyr/kernel/libkernel.a(timeout.c.obj)
 *(SORT_BY_ALIGNMENT(.kernel.*))
                0x0000000000003b94                __data_rom_start = LOADADDR (datas)

devices         0x000000002000002c       0x60 load address 0x0000000000003bc0
                0x000000002000002c                __device_start = .
                0x000000002000002c                __device_PRE_KERNEL_1_start = .
 *(SORT_BY_NAME(SORT_BY_ALIGNMENT(.device_PRE_KERNEL_1[0-9])))
 *(SORT_BY_NAME(SORT_BY_ALIGNMENT(.device_PRE_KERNEL_1[1-9][0-9])))
 .device_PRE_KERNEL_150
                0x000000002000002c       0x10 zephyr/libzephyr.a(clock_control_nrf.c.obj)
 .device_PRE_KERNEL_150
                0x000000002000003c       0x10 zephyr/drivers/serial/libdrivers__serial.a(uart_nrfx_uart.c.obj)
 .device_PRE_KERNEL_150
                0x000000002000004c       0x10 zephyr/drivers/serial/libdrivers__serial.a(uart_nrfx_uarte.c.obj)
                0x000000002000005c                __device_PRE_KERNEL_2_start = .
 *(SORT_BY_NAME(SORT_BY_ALIGNMENT(.device_PRE_KERNEL_2[0-9])))
 .device_PRE_KERNEL_20
                0x000000002000005c       0x10 zephyr/libzephyr.a(sys_clock_init.c.obj)
 *(SORT_BY_NAME(SORT_BY_ALIGNMENT(.device_PRE_KERNEL_2[1-9][0-9])))
                0x000000002000006c                __device_POST_KERNEL_start = .
 *(SORT_BY_NAME(SORT_BY_ALIGNMENT(.device_POST_KERNEL[0-9])))
 *(SORT_BY_NAME(SORT_BY_ALIGNMENT(.device_POST_KERNEL[1-9][0-9])))
 .device_POST_KERNEL40
                0x000000002000006c       0x20 zephyr/drivers/gpio/libdrivers__gpio.a(gpio_nrfx.c.obj)
                0x000000002000008c                __device_APPLICATION_start = .
 *(SORT_BY_NAME(SORT_BY_ALIGNMENT(.device_APPLICATION[0-9])))
 *(SORT_BY_NAME(SORT_BY_ALIGNMENT(.device_APPLICATION[1-9][0-9])))
                0x000000002000008c                __device_SMP_start = .
 *(SORT_BY_NAME(SORT_BY_ALIGNMENT(.device_SMP[0-9])))
 *(SORT_BY_NAME(SORT_BY_ALIGNMENT(.device_SMP[1-9][0-9])))
                0x000000002000008c                __device_end = .

initshell       0x000000002000008c        0x0 load address 0x0000000000003c20
                0x000000002000008c                __shell_module_start = .
 *(SORT_BY_ALIGNMENT(.shell_module_*))
                0x000000002000008c                __shell_module_end = .
                0x000000002000008c                __shell_cmd_start = .
 *(SORT_BY_ALIGNMENT(.shell_cmd_*))
                0x000000002000008c                __shell_cmd_end = .

log_dynamic_sections
                0x000000002000008c        0x0 load address 0x0000000000003c20
                0x000000002000008c                __log_dynamic_start = .
 *(SORT_BY_NAME(SORT_BY_ALIGNMENT(.log_dynamic_*)))
                0x000000002000008c                __log_dynamic_end = .

_static_thread_data_area
                0x000000002000008c        0x0 load address 0x0000000000003c20
                0x000000002000008c                __static_thread_data_list_start = .
 *(SORT_BY_NAME(SORT_BY_ALIGNMENT(.__static_thread_data.static.*)))
                0x000000002000008c                __static_thread_data_list_end = .

k_timer_area    0x000000002000008c        0x0 load address 0x0000000000003c20
                0x000000002000008c                _k_timer_list_start = .
 *(SORT_BY_NAME(SORT_BY_ALIGNMENT(._k_timer.static.*)))
                0x000000002000008c                _k_timer_list_end = .

k_mem_slab_area
                0x000000002000008c        0x0 load address 0x0000000000003c20
                0x000000002000008c                _k_mem_slab_list_start = .
 *(SORT_BY_NAME(SORT_BY_ALIGNMENT(._k_mem_slab.static.*)))
                0x000000002000008c                _k_mem_slab_list_end = .

k_mem_pool_area
                0x000000002000008c        0x0 load address 0x0000000000003c20
                0x000000002000008c                _k_mem_pool_list_start = .
 *(SORT_BY_NAME(SORT_BY_ALIGNMENT(._k_mem_pool.static.*)))
                0x000000002000008c                _k_mem_pool_list_end = .

k_heap_area     0x000000002000008c        0x0 load address 0x0000000000003c20
                0x000000002000008c                _k_heap_list_start = .
 *(SORT_BY_NAME(SORT_BY_ALIGNMENT(._k_heap.static.*)))
                0x000000002000008c                _k_heap_list_end = .

k_mutex_area    0x000000002000008c       0x28 load address 0x0000000000003c20
                0x000000002000008c                _k_mutex_list_start = .
 *(SORT_BY_NAME(SORT_BY_ALIGNMENT(._k_mutex.static.*)))
 ._k_mutex.static.fdtable_lock
                0x000000002000008c       0x14 zephyr/libzephyr.a(fdtable.c.obj)
 ._k_mutex.static.rtt_term_mutex
                0x00000000200000a0       0x14 zephyr/libzephyr.a(SEGGER_RTT_zephyr.c.obj)
                0x00000000200000a0                rtt_term_mutex
                0x00000000200000b4                _k_mutex_list_end = .

k_stack_area    0x00000000200000b4        0x0 load address 0x0000000000003c48
                0x00000000200000b4                _k_stack_list_start = .
 *(SORT_BY_NAME(SORT_BY_ALIGNMENT(._k_stack.static.*)))
                0x00000000200000b4                _k_stack_list_end = .

k_msgq_area     0x00000000200000b4        0x0 load address 0x0000000000003c48
                0x00000000200000b4                _k_msgq_list_start = .
 *(SORT_BY_NAME(SORT_BY_ALIGNMENT(._k_msgq.static.*)))
                0x00000000200000b4                _k_msgq_list_end = .

k_mbox_area     0x00000000200000b4        0x0 load address 0x0000000000003c48
                0x00000000200000b4                _k_mbox_list_start = .
 *(SORT_BY_NAME(SORT_BY_ALIGNMENT(._k_mbox.static.*)))
                0x00000000200000b4                _k_mbox_list_end = .

k_pipe_area     0x00000000200000b4        0x0 load address 0x0000000000003c48
                0x00000000200000b4                _k_pipe_list_start = .
 *(SORT_BY_NAME(SORT_BY_ALIGNMENT(._k_pipe.static.*)))
                0x00000000200000b4                _k_pipe_list_end = .

k_sem_area      0x00000000200000b4        0x0 load address 0x0000000000003c48
                0x00000000200000b4                _k_sem_list_start = .
 *(SORT_BY_NAME(SORT_BY_ALIGNMENT(._k_sem.static.*)))
                0x00000000200000b4                _k_sem_list_end = .

k_queue_area    0x00000000200000b4        0x0 load address 0x0000000000003c48
                0x00000000200000b4                _k_queue_list_start = .
 *(SORT_BY_NAME(SORT_BY_ALIGNMENT(._k_queue.static.*)))
                0x00000000200000b4                _k_queue_list_end = .

_net_buf_pool_area
                0x00000000200000b4        0x0 load address 0x0000000000003c48
                0x00000000200000b4                _net_buf_pool_list = .
 *(SORT_BY_NAME(SORT_BY_ALIGNMENT(._net_buf_pool.static.*)))
                0x00000000200000b4                __data_ram_end = .

bss             0x00000000200000b8      0x6c8
                0x00000000200000b8                . = ALIGN (0x4)
                0x00000000200000b8                __bss_start = .
                0x00000000200000b8                __kernel_ram_start = .
 *(SORT_BY_ALIGNMENT(.bss))
 *(SORT_BY_ALIGNMENT(.bss.*))
 .bss.z_idle_threads
                0x00000000200000b8       0x80 zephyr/kernel/libkernel.a(init.c.obj)
                0x00000000200000b8                z_idle_threads
 .bss.z_main_thread
                0x0000000020000138       0x80 zephyr/kernel/libkernel.a(init.c.obj)
                0x0000000020000138                z_main_thread
 .bss.curr_tick
                0x00000000200001b8        0x8 zephyr/kernel/libkernel.a(timeout.c.obj)
 .bss.uart_console_dev
                0x00000000200001c0        0x4 zephyr/libzephyr.a(uart_console.c.obj)
 .bss.cli.10253
                0x00000000200001c4       0x10 zephyr/libzephyr.a(clock_control_nrf.c.obj)
 .bss.data      0x00000000200001d4       0x50 zephyr/libzephyr.a(clock_control_nrf.c.obj)
 .bss.hfclk_users
                0x0000000020000224        0x4 zephyr/libzephyr.a(clock_control_nrf.c.obj)
 .bss.on.10252  0x0000000020000228        0x4 zephyr/libzephyr.a(clock_control_nrf.c.obj)
 .bss.last_count
                0x000000002000022c        0x4 zephyr/libzephyr.a(nrf_rtc_timer.c.obj)
 .bss._SEGGER_RTT
                0x0000000020000230       0xa8 zephyr/libzephyr.a(SEGGER_RTT.c.obj)
                0x0000000020000230                _SEGGER_RTT
 .bss.gpio_nrfx_p0_data
                0x00000000200002d8       0x1c zephyr/drivers/gpio/libdrivers__gpio.a(gpio_nrfx.c.obj)
 .bss.gpio_nrfx_p1_data
                0x00000000200002f4       0x1c zephyr/drivers/gpio/libdrivers__gpio.a(gpio_nrfx.c.obj)
 .bss.gpiote_alloc_mask
                0x0000000020000310        0x4 zephyr/drivers/gpio/libdrivers__gpio.a(gpio_nrfx.c.obj)
 .bss.poll_out_lock.9791
                0x0000000020000314        0x4 zephyr/drivers/serial/libdrivers__serial.a(uart_nrfx_uart.c.obj)
 .bss.m_clock_cb
                0x0000000020000318        0x8 modules/nordic/lib..__modules__hal__nordic.a(nrfx_clock.c.obj)
 .bss.m_pofwarn_handler
                0x0000000020000320        0x4 modules/nordic/lib..__modules__hal__nordic.a(nrfx_power.c.obj)
 .bss.m_sleepevt_handler
                0x0000000020000324        0x4 modules/nordic/lib..__modules__hal__nordic.a(nrfx_power.c.obj)
 .bss.m_usbevt_handler
                0x0000000020000328        0x4 modules/nordic/lib..__modules__hal__nordic.a(nrfx_power.c.obj)
 .bss._kernel   0x000000002000032c       0x30 zephyr/kernel/libkernel.a(sched.c.obj)
                0x000000002000032c                _kernel
 .bss.pending_current
                0x000000002000035c        0x4 zephyr/kernel/libkernel.a(sched.c.obj)
 .bss.slice_max_prio
                0x0000000020000360        0x4 zephyr/kernel/libkernel.a(sched.c.obj)
 .bss.slice_time
                0x0000000020000364        0x4 zephyr/kernel/libkernel.a(sched.c.obj)
 .bss.announce_remaining
                0x0000000020000368        0x4 zephyr/kernel/libkernel.a(timeout.c.obj)
 .bss._acDownBuffer
                0x000000002000036c       0x10 zephyr/libzephyr.a(SEGGER_RTT.c.obj)
 .bss._acUpBuffer
                0x000000002000037c      0x400 zephyr/libzephyr.a(SEGGER_RTT.c.obj)
 .bss.static_regions_num
                0x000000002000077c        0x1 zephyr/arch/arch/arm/core/aarch32/cortex_m/mpu/libarch__arm__core__aarch32__cortex_m__mpu.a(arm_mpu.c.obj)
 .bss.gpio_initialized.9791
                0x000000002000077d        0x1 zephyr/drivers/gpio/libdrivers__gpio.a(gpio_nrfx.c.obj)
 .bss.nrfx_clock_irq_enabled
                0x000000002000077e        0x1 modules/nordic/lib..__modules__hal__nordic.a(nrfx_clock.c.obj)
                0x000000002000077e                nrfx_clock_irq_enabled
 .bss.z_sys_post_kernel
                0x000000002000077f        0x1 zephyr/kernel/libkernel.a(init.c.obj)
                0x000000002000077f                z_sys_post_kernel
 .bss.sched_spinlock
                0x0000000020000780        0x0 zephyr/kernel/libkernel.a(sched.c.obj)
 .bss.lock      0x0000000020000780        0x0 zephyr/kernel/libkernel.a(sem.c.obj)
 *(SORT_BY_ALIGNMENT(COMMON))
 *(SORT_BY_ALIGNMENT(.kernel_bss.*))
                0x0000000020000780                __bss_end = ALIGN (0x4)

noinit          0x0000000020000780      0xd40
 *(SORT_BY_ALIGNMENT(.noinit))
 *(SORT_BY_ALIGNMENT(.noinit.*))
 .noinit."WEST_TOPDIR/zephyr/kernel/init.c".2
                0x0000000020000780      0x400 zephyr/kernel/libkernel.a(init.c.obj)
                0x0000000020000780                z_main_stack
 .noinit."WEST_TOPDIR/zephyr/kernel/init.c".3
                0x0000000020000b80      0x140 zephyr/kernel/libkernel.a(init.c.obj)
 .noinit."WEST_TOPDIR/zephyr/kernel/init.c".4
                0x0000000020000cc0      0x800 zephyr/kernel/libkernel.a(init.c.obj)
                0x0000000020000cc0                z_interrupt_stacks
 *(SORT_BY_ALIGNMENT(.kernel_noinit.*))
                0x00000000200014c0                _image_ram_end = .
                0x00000000200014c0                _end = .
                0x0000000020040000                __kernel_ram_end = 0x20040000
                0x000000000003ff48                __kernel_ram_size = (__kernel_ram_end - __kernel_ram_start)

.intList        0x0000000020040000       0x38
 *(SORT_BY_ALIGNMENT(.irq_info))
 .irq_info      0x0000000020040000        0x8 zephyr/arch/common/libarch__common.a(isr_tables.c.obj)
                0x0000000020040000                _iheader
 *(SORT_BY_ALIGNMENT(.intList))
 .intList       0x0000000020040008       0x10 zephyr/libzephyr.a(clock_control_nrf.c.obj)
 .intList       0x0000000020040018       0x10 zephyr/libzephyr.a(nrf_rtc_timer.c.obj)
 .intList       0x0000000020040028       0x10 zephyr/drivers/gpio/libdrivers__gpio.a(gpio_nrfx.c.obj)

.stab
 *(SORT_BY_ALIGNMENT(.stab))

.stabstr
 *(SORT_BY_ALIGNMENT(.stabstr))

.stab.excl
 *(SORT_BY_ALIGNMENT(.stab.excl))

.stab.exclstr
 *(SORT_BY_ALIGNMENT(.stab.exclstr))

.stab.index
 *(SORT_BY_ALIGNMENT(.stab.index))

.stab.indexstr
 *(SORT_BY_ALIGNMENT(.stab.indexstr))

.gnu.build.attributes
 *(SORT_BY_ALIGNMENT(.gnu.build.attributes) SORT_BY_ALIGNMENT(.gnu.build.attributes.*))

.comment        0x0000000000000000       0x32
 *(SORT_BY_ALIGNMENT(.comment))
 .comment       0x0000000000000000       0x32 app/libapp.a(main.c.obj)
                                         0x33 (size before relaxing)
 .comment       0x0000000000000032       0x33 zephyr/libzephyr.a(fdtable.c.obj)
 .comment       0x0000000000000032       0x33 zephyr/libzephyr.a(notify.c.obj)
 .comment       0x0000000000000032       0x33 zephyr/libzephyr.a(printk.c.obj)
 .comment       0x0000000000000032       0x33 zephyr/libzephyr.a(onoff.c.obj)
 .comment       0x0000000000000032       0x33 zephyr/libzephyr.a(thread_entry.c.obj)
 .comment       0x0000000000000032       0x33 zephyr/libzephyr.a(heap.c.obj)
 .comment       0x0000000000000032       0x33 zephyr/libzephyr.a(configs.c.obj)
 .comment       0x0000000000000032       0x33 zephyr/libzephyr.a(uart_console.c.obj)
 .comment       0x0000000000000032       0x33 zephyr/libzephyr.a(clock_control_nrf.c.obj)
 .comment       0x0000000000000032       0x33 zephyr/libzephyr.a(sys_clock_init.c.obj)
 .comment       0x0000000000000032       0x33 zephyr/libzephyr.a(nrf_rtc_timer.c.obj)
 .comment       0x0000000000000032       0x33 zephyr/libzephyr.a(SEGGER_RTT.c.obj)
 .comment       0x0000000000000032       0x33 zephyr/libzephyr.a(SEGGER_RTT_zephyr.c.obj)
 .comment       0x0000000000000032       0x33 zephyr/arch/common/libarch__common.a(isr_tables.c.obj)
 .comment       0x0000000000000032       0x33 zephyr/arch/arch/arm/core/aarch32/libarch__arm__core__aarch32.a(swap.c.obj)
 .comment       0x0000000000000032       0x33 zephyr/arch/arch/arm/core/aarch32/libarch__arm__core__aarch32.a(irq_manage.c.obj)
 .comment       0x0000000000000032       0x33 zephyr/arch/arch/arm/core/aarch32/libarch__arm__core__aarch32.a(thread.c.obj)
 .comment       0x0000000000000032       0x33 zephyr/arch/arch/arm/core/aarch32/libarch__arm__core__aarch32.a(fatal.c.obj)
 .comment       0x0000000000000032       0x33 zephyr/arch/arch/arm/core/aarch32/libarch__arm__core__aarch32.a(nmi.c.obj)
 .comment       0x0000000000000032       0x33 zephyr/arch/arch/arm/core/aarch32/libarch__arm__core__aarch32.a(prep_c.c.obj)
 .comment       0x0000000000000032       0x33 zephyr/arch/arch/arm/core/aarch32/cortex_m/libarch__arm__core__aarch32__cortex_m.a(fault.c.obj)
 .comment       0x0000000000000032       0x33 zephyr/arch/arch/arm/core/aarch32/cortex_m/libarch__arm__core__aarch32__cortex_m.a(irq_init.c.obj)
 .comment       0x0000000000000032       0x33 zephyr/arch/arch/arm/core/aarch32/cortex_m/libarch__arm__core__aarch32__cortex_m.a(thread_abort.c.obj)
 .comment       0x0000000000000032       0x33 zephyr/arch/arch/arm/core/aarch32/cortex_m/mpu/libarch__arm__core__aarch32__cortex_m__mpu.a(arm_core_mpu.c.obj)
 .comment       0x0000000000000032       0x33 zephyr/arch/arch/arm/core/aarch32/cortex_m/mpu/libarch__arm__core__aarch32__cortex_m__mpu.a(arm_mpu.c.obj)
 .comment       0x0000000000000032       0x33 zephyr/lib/libc/minimal/liblib__libc__minimal.a(string.c.obj)
 .comment       0x0000000000000032       0x33 zephyr/lib/libc/minimal/liblib__libc__minimal.a(stdout_console.c.obj)
 .comment       0x0000000000000032       0x33 zephyr/soc/arm/common/cortex_m/libsoc__arm__common__cortex_m.a(arm_mpu_regions.c.obj)
 .comment       0x0000000000000032       0x33 zephyr/soc/arm/nordic_nrf/nrf52/libsoc__arm__nordic_nrf__nrf52.a(soc.c.obj)
 .comment       0x0000000000000032       0x33 zephyr/drivers/gpio/libdrivers__gpio.a(gpio_nrfx.c.obj)
 .comment       0x0000000000000032       0x33 zephyr/drivers/serial/libdrivers__serial.a(uart_nrfx_uart.c.obj)
 .comment       0x0000000000000032       0x33 zephyr/drivers/serial/libdrivers__serial.a(uart_nrfx_uarte.c.obj)
 .comment       0x0000000000000032       0x33 modules/nordic/lib..__modules__hal__nordic.a(system_nrf52840.c.obj)
 .comment       0x0000000000000032       0x33 modules/nordic/lib..__modules__hal__nordic.a(nrfx_glue.c.obj)
 .comment       0x0000000000000032       0x33 modules/nordic/lib..__modules__hal__nordic.a(nrfx_clock.c.obj)
 .comment       0x0000000000000032       0x33 modules/nordic/lib..__modules__hal__nordic.a(nrfx_power.c.obj)
 .comment       0x0000000000000032       0x33 zephyr/kernel/libkernel.a(device.c.obj)
 .comment       0x0000000000000032       0x33 zephyr/kernel/libkernel.a(errno.c.obj)
 .comment       0x0000000000000032       0x33 zephyr/kernel/libkernel.a(fatal.c.obj)
 .comment       0x0000000000000032       0x33 zephyr/kernel/libkernel.a(idle.c.obj)
 .comment       0x0000000000000032       0x33 zephyr/kernel/libkernel.a(init.c.obj)
 .comment       0x0000000000000032       0x33 zephyr/kernel/libkernel.a(sched.c.obj)
 .comment       0x0000000000000032       0x33 zephyr/kernel/libkernel.a(sem.c.obj)
 .comment       0x0000000000000032       0x33 zephyr/kernel/libkernel.a(thread.c.obj)
 .comment       0x0000000000000032       0x33 zephyr/kernel/libkernel.a(timeout.c.obj)
 .comment       0x0000000000000032       0x33 zephyr/kernel/libkernel.a(kheap.c.obj)
 .comment       0x0000000000000032       0x33 zephyr/CMakeFiles/offsets.dir/./arch/arm/core/offsets/offsets.c.obj

.debug
 *(SORT_BY_ALIGNMENT(.debug))

.line
 *(SORT_BY_ALIGNMENT(.line))

.debug_srcinfo
 *(SORT_BY_ALIGNMENT(.debug_srcinfo))

.debug_sfnames
 *(SORT_BY_ALIGNMENT(.debug_sfnames))

.debug_aranges  0x0000000000000000     0x10c0
 *(SORT_BY_ALIGNMENT(.debug_aranges))
 .debug_aranges
                0x0000000000000000       0x28 zephyr/arch/arch/arm/core/aarch32/libarch__arm__core__aarch32.a(swap_helper.S.obj)
 .debug_aranges
                0x0000000000000028       0x30 zephyr/arch/arch/arm/core/aarch32/libarch__arm__core__aarch32.a(cpu_idle.S.obj)
 .debug_aranges
                0x0000000000000058       0x20 zephyr/arch/arch/arm/core/aarch32/libarch__arm__core__aarch32.a(nmi_on_reset.S.obj)
 .debug_aranges
                0x0000000000000078       0x20 zephyr/arch/arch/arm/core/aarch32/libarch__arm__core__aarch32.a(isr_wrapper.S.obj)
 .debug_aranges
                0x0000000000000098       0x20 zephyr/arch/arch/arm/core/aarch32/cortex_m/libarch__arm__core__aarch32__cortex_m.a(reset.S.obj)
 .debug_aranges
                0x00000000000000b8       0x20 zephyr/arch/arch/arm/core/aarch32/cortex_m/libarch__arm__core__aarch32__cortex_m.a(fault_s.S.obj)
 .debug_aranges
                0x00000000000000d8       0x20 zephyr/arch/arch/arm/core/aarch32/cortex_m/libarch__arm__core__aarch32__cortex_m.a(exc_exit.S.obj)
 .debug_aranges
                0x00000000000000f8       0x20 app/libapp.a(main.c.obj)
 .debug_aranges
                0x0000000000000118       0x50 zephyr/libzephyr.a(fdtable.c.obj)
 .debug_aranges
                0x0000000000000168       0x28 zephyr/libzephyr.a(notify.c.obj)
 .debug_aranges
                0x0000000000000190       0x78 zephyr/libzephyr.a(printk.c.obj)
 .debug_aranges
                0x0000000000000208       0x88 zephyr/libzephyr.a(onoff.c.obj)
 .debug_aranges
                0x0000000000000290       0x20 zephyr/libzephyr.a(thread_entry.c.obj)
 .debug_aranges
                0x00000000000002b0       0x98 zephyr/libzephyr.a(heap.c.obj)
 .debug_aranges
                0x0000000000000348       0x20 zephyr/libzephyr.a(configs.c.obj)
 .debug_aranges
                0x0000000000000368       0x28 zephyr/libzephyr.a(uart_console.c.obj)
 .debug_aranges
                0x0000000000000390       0xd0 zephyr/libzephyr.a(clock_control_nrf.c.obj)
 .debug_aranges
                0x0000000000000460       0x40 zephyr/libzephyr.a(sys_clock_init.c.obj)
 .debug_aranges
                0x00000000000004a0       0x48 zephyr/libzephyr.a(nrf_rtc_timer.c.obj)
 .debug_aranges
                0x00000000000004e8      0x120 zephyr/libzephyr.a(SEGGER_RTT.c.obj)
 .debug_aranges
                0x0000000000000608       0x20 zephyr/libzephyr.a(SEGGER_RTT_zephyr.c.obj)
 .debug_aranges
                0x0000000000000628       0x18 zephyr/arch/common/libarch__common.a(isr_tables.c.obj)
 .debug_aranges
                0x0000000000000640       0x20 zephyr/arch/arch/arm/core/aarch32/libarch__arm__core__aarch32.a(swap.c.obj)
 .debug_aranges
                0x0000000000000660       0x48 zephyr/arch/arch/arm/core/aarch32/libarch__arm__core__aarch32.a(irq_manage.c.obj)
 .debug_aranges
                0x00000000000006a8       0x28 zephyr/arch/arch/arm/core/aarch32/libarch__arm__core__aarch32.a(thread.c.obj)
 .debug_aranges
                0x00000000000006d0       0x30 zephyr/arch/arch/arm/core/aarch32/libarch__arm__core__aarch32.a(fatal.c.obj)
 .debug_aranges
                0x0000000000000700       0x20 zephyr/arch/arch/arm/core/aarch32/libarch__arm__core__aarch32.a(nmi.c.obj)
 .debug_aranges
                0x0000000000000720       0x20 zephyr/arch/arch/arm/core/aarch32/libarch__arm__core__aarch32.a(prep_c.c.obj)
 .debug_aranges
                0x0000000000000740       0x40 zephyr/arch/arch/arm/core/aarch32/cortex_m/libarch__arm__core__aarch32__cortex_m.a(fault.c.obj)
 .debug_aranges
                0x0000000000000780       0x20 zephyr/arch/arch/arm/core/aarch32/cortex_m/libarch__arm__core__aarch32__cortex_m.a(irq_init.c.obj)
 .debug_aranges
                0x00000000000007a0       0x20 zephyr/arch/arch/arm/core/aarch32/cortex_m/libarch__arm__core__aarch32__cortex_m.a(thread_abort.c.obj)
 .debug_aranges
                0x00000000000007c0       0x28 zephyr/arch/arch/arm/core/aarch32/cortex_m/mpu/libarch__arm__core__aarch32__cortex_m__mpu.a(arm_core_mpu.c.obj)
 .debug_aranges
                0x00000000000007e8       0x48 zephyr/arch/arch/arm/core/aarch32/cortex_m/mpu/libarch__arm__core__aarch32__cortex_m__mpu.a(arm_mpu.c.obj)
 .debug_aranges
                0x0000000000000830       0x98 zephyr/lib/libc/minimal/liblib__libc__minimal.a(string.c.obj)
 .debug_aranges
                0x00000000000008c8       0x58 zephyr/lib/libc/minimal/liblib__libc__minimal.a(stdout_console.c.obj)
 .debug_aranges
                0x0000000000000920       0x18 zephyr/soc/arm/common/cortex_m/libsoc__arm__common__cortex_m.a(arm_mpu_regions.c.obj)
 .debug_aranges
                0x0000000000000938       0x38 zephyr/soc/arm/nordic_nrf/nrf52/libsoc__arm__nordic_nrf__nrf52.a(soc.c.obj)
 .debug_aranges
                0x0000000000000970       0x88 zephyr/drivers/gpio/libdrivers__gpio.a(gpio_nrfx.c.obj)
 .debug_aranges
                0x00000000000009f8       0x58 zephyr/drivers/serial/libdrivers__serial.a(uart_nrfx_uart.c.obj)
 .debug_aranges
                0x0000000000000a50       0x58 zephyr/drivers/serial/libdrivers__serial.a(uart_nrfx_uarte.c.obj)
 .debug_aranges
                0x0000000000000aa8       0x38 modules/nordic/lib..__modules__hal__nordic.a(system_nrf52840.c.obj)
 .debug_aranges
                0x0000000000000ae0       0x30 modules/nordic/lib..__modules__hal__nordic.a(nrfx_glue.c.obj)
 .debug_aranges
                0x0000000000000b10       0x68 modules/nordic/lib..__modules__hal__nordic.a(nrfx_clock.c.obj)
 .debug_aranges
                0x0000000000000b78       0xb0 modules/nordic/lib..__modules__hal__nordic.a(nrfx_power.c.obj)
 .debug_aranges
                0x0000000000000c28       0x38 zephyr/kernel/libkernel.a(device.c.obj)
 .debug_aranges
                0x0000000000000c60       0x20 zephyr/kernel/libkernel.a(errno.c.obj)
 .debug_aranges
                0x0000000000000c80       0x50 zephyr/kernel/libkernel.a(fatal.c.obj)
 .debug_aranges
                0x0000000000000cd0       0x28 zephyr/kernel/libkernel.a(idle.c.obj)
 .debug_aranges
                0x0000000000000cf8       0x40 zephyr/kernel/libkernel.a(init.c.obj)
 .debug_aranges
                0x0000000000000d38      0x1c0 zephyr/kernel/libkernel.a(sched.c.obj)
 .debug_aranges
                0x0000000000000ef8       0x30 zephyr/kernel/libkernel.a(sem.c.obj)
 .debug_aranges
                0x0000000000000f28       0xa0 zephyr/kernel/libkernel.a(thread.c.obj)
 .debug_aranges
                0x0000000000000fc8       0x90 zephyr/kernel/libkernel.a(timeout.c.obj)
 .debug_aranges
                0x0000000000001058       0x48 zephyr/kernel/libkernel.a(kheap.c.obj)
 .debug_aranges
                0x00000000000010a0       0x20 zephyr/CMakeFiles/offsets.dir/./arch/arm/core/offsets/offsets.c.obj

.debug_pubnames
 *(SORT_BY_ALIGNMENT(.debug_pubnames))

.debug_info     0x0000000000000000    0x3af32
 *(SORT_BY_ALIGNMENT(.debug_info) SORT_BY_ALIGNMENT(.gnu.linkonce.wi.*))
 .debug_info    0x0000000000000000      0x835 app/libapp.a(main.c.obj)
 .debug_info    0x0000000000000835     0x111a zephyr/libzephyr.a(fdtable.c.obj)
 .debug_info    0x000000000000194f      0xa0a zephyr/libzephyr.a(notify.c.obj)
 .debug_info    0x0000000000002359     0x1258 zephyr/libzephyr.a(printk.c.obj)
 .debug_info    0x00000000000035b1     0x291a zephyr/libzephyr.a(onoff.c.obj)
 .debug_info    0x0000000000005ecb      0x93d zephyr/libzephyr.a(thread_entry.c.obj)
 .debug_info    0x0000000000006808     0x26c2 zephyr/libzephyr.a(heap.c.obj)
 .debug_info    0x0000000000008eca       0x38 zephyr/libzephyr.a(configs.c.obj)
 .debug_info    0x0000000000008f02      0xcaf zephyr/libzephyr.a(uart_console.c.obj)
 .debug_info    0x0000000000009bb1     0x400e zephyr/libzephyr.a(clock_control_nrf.c.obj)
 .debug_info    0x000000000000dbbf      0xa56 zephyr/libzephyr.a(sys_clock_init.c.obj)
 .debug_info    0x000000000000e615     0x1f2c zephyr/libzephyr.a(nrf_rtc_timer.c.obj)
 .debug_info    0x0000000000010541     0x1e91 zephyr/libzephyr.a(SEGGER_RTT.c.obj)
 .debug_info    0x00000000000123d2      0xac5 zephyr/libzephyr.a(SEGGER_RTT_zephyr.c.obj)
 .debug_info    0x0000000000012e97      0x214 zephyr/arch/common/libarch__common.a(isr_tables.c.obj)
 .debug_info    0x00000000000130ab      0xa96 zephyr/arch/arch/arm/core/aarch32/libarch__arm__core__aarch32.a(swap.c.obj)
 .debug_info    0x0000000000013b41       0x22 zephyr/arch/arch/arm/core/aarch32/libarch__arm__core__aarch32.a(swap_helper.S.obj)
 .debug_info    0x0000000000013b63      0xeed zephyr/arch/arch/arm/core/aarch32/libarch__arm__core__aarch32.a(irq_manage.c.obj)
 .debug_info    0x0000000000014a50      0xaec zephyr/arch/arch/arm/core/aarch32/libarch__arm__core__aarch32.a(thread.c.obj)
 .debug_info    0x000000000001553c       0x22 zephyr/arch/arch/arm/core/aarch32/libarch__arm__core__aarch32.a(cpu_idle.S.obj)
 .debug_info    0x000000000001555e      0xd3d zephyr/arch/arch/arm/core/aarch32/libarch__arm__core__aarch32.a(fatal.c.obj)
 .debug_info    0x000000000001629b      0x837 zephyr/arch/arch/arm/core/aarch32/libarch__arm__core__aarch32.a(nmi.c.obj)
 .debug_info    0x0000000000016ad2       0x26 zephyr/arch/arch/arm/core/aarch32/libarch__arm__core__aarch32.a(nmi_on_reset.S.obj)
 .debug_info    0x0000000000016af8      0xd11 zephyr/arch/arch/arm/core/aarch32/libarch__arm__core__aarch32.a(prep_c.c.obj)
 .debug_info    0x0000000000017809       0x26 zephyr/arch/arch/arm/core/aarch32/libarch__arm__core__aarch32.a(isr_wrapper.S.obj)
 .debug_info    0x000000000001782f       0x26 zephyr/arch/arch/arm/core/aarch32/cortex_m/libarch__arm__core__aarch32__cortex_m.a(reset.S.obj)
 .debug_info    0x0000000000017855       0x26 zephyr/arch/arch/arm/core/aarch32/cortex_m/libarch__arm__core__aarch32__cortex_m.a(fault_s.S.obj)
 .debug_info    0x000000000001787b     0x16ed zephyr/arch/arch/arm/core/aarch32/cortex_m/libarch__arm__core__aarch32__cortex_m.a(fault.c.obj)
 .debug_info    0x0000000000018f68       0x26 zephyr/arch/arch/arm/core/aarch32/cortex_m/libarch__arm__core__aarch32__cortex_m.a(exc_exit.S.obj)
 .debug_info    0x0000000000018f8e      0x685 zephyr/arch/arch/arm/core/aarch32/cortex_m/libarch__arm__core__aarch32__cortex_m.a(irq_init.c.obj)
 .debug_info    0x0000000000019613      0xb67 zephyr/arch/arch/arm/core/aarch32/cortex_m/libarch__arm__core__aarch32__cortex_m.a(thread_abort.c.obj)
 .debug_info    0x000000000001a17a      0xbaa zephyr/arch/arch/arm/core/aarch32/cortex_m/mpu/libarch__arm__core__aarch32__cortex_m__mpu.a(arm_core_mpu.c.obj)
 .debug_info    0x000000000001ad24     0x145e zephyr/arch/arch/arm/core/aarch32/cortex_m/mpu/libarch__arm__core__aarch32__cortex_m__mpu.a(arm_mpu.c.obj)
 .debug_info    0x000000000001c182      0x7bb zephyr/lib/libc/minimal/liblib__libc__minimal.a(string.c.obj)
 .debug_info    0x000000000001c93d      0x691 zephyr/lib/libc/minimal/liblib__libc__minimal.a(stdout_console.c.obj)
 .debug_info    0x000000000001cfce      0x1eb zephyr/soc/arm/common/cortex_m/libsoc__arm__common__cortex_m.a(arm_mpu_regions.c.obj)
 .debug_info    0x000000000001d1b9     0x1378 zephyr/soc/arm/nordic_nrf/nrf52/libsoc__arm__nordic_nrf__nrf52.a(soc.c.obj)
 .debug_info    0x000000000001e531     0x3038 zephyr/drivers/gpio/libdrivers__gpio.a(gpio_nrfx.c.obj)
 .debug_info    0x0000000000021569     0x2259 zephyr/drivers/serial/libdrivers__serial.a(uart_nrfx_uart.c.obj)
 .debug_info    0x00000000000237c2     0x272f zephyr/drivers/serial/libdrivers__serial.a(uart_nrfx_uarte.c.obj)
 .debug_info    0x0000000000025ef1     0x1580 modules/nordic/lib..__modules__hal__nordic.a(system_nrf52840.c.obj)
 .debug_info    0x0000000000027471      0x995 modules/nordic/lib..__modules__hal__nordic.a(nrfx_glue.c.obj)
 .debug_info    0x0000000000027e06     0x1652 modules/nordic/lib..__modules__hal__nordic.a(nrfx_clock.c.obj)
 .debug_info    0x0000000000029458     0x1955 modules/nordic/lib..__modules__hal__nordic.a(nrfx_power.c.obj)
 .debug_info    0x000000000002adad      0xac7 zephyr/kernel/libkernel.a(device.c.obj)
 .debug_info    0x000000000002b874      0x893 zephyr/kernel/libkernel.a(errno.c.obj)
 .debug_info    0x000000000002c107     0x1426 zephyr/kernel/libkernel.a(fatal.c.obj)
 .debug_info    0x000000000002d52d      0xa50 zephyr/kernel/libkernel.a(idle.c.obj)
 .debug_info    0x000000000002df7d     0x1c2b zephyr/kernel/libkernel.a(init.c.obj)
 .debug_info    0x000000000002fba8     0x5834 zephyr/kernel/libkernel.a(sched.c.obj)
 .debug_info    0x00000000000353dc      0xdff zephyr/kernel/libkernel.a(sem.c.obj)
 .debug_info    0x00000000000361db     0x18e9 zephyr/kernel/libkernel.a(thread.c.obj)
 .debug_info    0x0000000000037ac4     0x1c0a zephyr/kernel/libkernel.a(timeout.c.obj)
 .debug_info    0x00000000000396ce     0x101d zephyr/kernel/libkernel.a(kheap.c.obj)
 .debug_info    0x000000000003a6eb      0x847 zephyr/CMakeFiles/offsets.dir/./arch/arm/core/offsets/offsets.c.obj

.debug_abbrev   0x0000000000000000     0xa7a1
 *(SORT_BY_ALIGNMENT(.debug_abbrev))
 .debug_abbrev  0x0000000000000000      0x1cb app/libapp.a(main.c.obj)
 .debug_abbrev  0x00000000000001cb      0x3f9 zephyr/libzephyr.a(fdtable.c.obj)
 .debug_abbrev  0x00000000000005c4      0x286 zephyr/libzephyr.a(notify.c.obj)
 .debug_abbrev  0x000000000000084a      0x51d zephyr/libzephyr.a(printk.c.obj)
 .debug_abbrev  0x0000000000000d67      0x589 zephyr/libzephyr.a(onoff.c.obj)
 .debug_abbrev  0x00000000000012f0      0x258 zephyr/libzephyr.a(thread_entry.c.obj)
 .debug_abbrev  0x0000000000001548      0x4ac zephyr/libzephyr.a(heap.c.obj)
 .debug_abbrev  0x00000000000019f4       0x2e zephyr/libzephyr.a(configs.c.obj)
 .debug_abbrev  0x0000000000001a22      0x37c zephyr/libzephyr.a(uart_console.c.obj)
 .debug_abbrev  0x0000000000001d9e      0x7c8 zephyr/libzephyr.a(clock_control_nrf.c.obj)
 .debug_abbrev  0x0000000000002566      0x268 zephyr/libzephyr.a(sys_clock_init.c.obj)
 .debug_abbrev  0x00000000000027ce      0x544 zephyr/libzephyr.a(nrf_rtc_timer.c.obj)
 .debug_abbrev  0x0000000000002d12      0x3cf zephyr/libzephyr.a(SEGGER_RTT.c.obj)
 .debug_abbrev  0x00000000000030e1      0x21c zephyr/libzephyr.a(SEGGER_RTT_zephyr.c.obj)
 .debug_abbrev  0x00000000000032fd       0xf5 zephyr/arch/common/libarch__common.a(isr_tables.c.obj)
 .debug_abbrev  0x00000000000033f2      0x235 zephyr/arch/arch/arm/core/aarch32/libarch__arm__core__aarch32.a(swap.c.obj)
 .debug_abbrev  0x0000000000003627       0x12 zephyr/arch/arch/arm/core/aarch32/libarch__arm__core__aarch32.a(swap_helper.S.obj)
 .debug_abbrev  0x0000000000003639      0x370 zephyr/arch/arch/arm/core/aarch32/libarch__arm__core__aarch32.a(irq_manage.c.obj)
 .debug_abbrev  0x00000000000039a9      0x289 zephyr/arch/arch/arm/core/aarch32/libarch__arm__core__aarch32.a(thread.c.obj)
 .debug_abbrev  0x0000000000003c32       0x12 zephyr/arch/arch/arm/core/aarch32/libarch__arm__core__aarch32.a(cpu_idle.S.obj)
 .debug_abbrev  0x0000000000003c44      0x367 zephyr/arch/arch/arm/core/aarch32/libarch__arm__core__aarch32.a(fatal.c.obj)
 .debug_abbrev  0x0000000000003fab      0x1ca zephyr/arch/arch/arm/core/aarch32/libarch__arm__core__aarch32.a(nmi.c.obj)
 .debug_abbrev  0x0000000000004175       0x14 zephyr/arch/arch/arm/core/aarch32/libarch__arm__core__aarch32.a(nmi_on_reset.S.obj)
 .debug_abbrev  0x0000000000004189      0x2d3 zephyr/arch/arch/arm/core/aarch32/libarch__arm__core__aarch32.a(prep_c.c.obj)
 .debug_abbrev  0x000000000000445c       0x14 zephyr/arch/arch/arm/core/aarch32/libarch__arm__core__aarch32.a(isr_wrapper.S.obj)
 .debug_abbrev  0x0000000000004470       0x14 zephyr/arch/arch/arm/core/aarch32/cortex_m/libarch__arm__core__aarch32__cortex_m.a(reset.S.obj)
 .debug_abbrev  0x0000000000004484       0x14 zephyr/arch/arch/arm/core/aarch32/cortex_m/libarch__arm__core__aarch32__cortex_m.a(fault_s.S.obj)
 .debug_abbrev  0x0000000000004498      0x441 zephyr/arch/arch/arm/core/aarch32/cortex_m/libarch__arm__core__aarch32__cortex_m.a(fault.c.obj)
 .debug_abbrev  0x00000000000048d9       0x14 zephyr/arch/arch/arm/core/aarch32/cortex_m/libarch__arm__core__aarch32__cortex_m.a(exc_exit.S.obj)
 .debug_abbrev  0x00000000000048ed      0x1e6 zephyr/arch/arch/arm/core/aarch32/cortex_m/libarch__arm__core__aarch32__cortex_m.a(irq_init.c.obj)
 .debug_abbrev  0x0000000000004ad3      0x2d1 zephyr/arch/arch/arm/core/aarch32/cortex_m/libarch__arm__core__aarch32__cortex_m.a(thread_abort.c.obj)
 .debug_abbrev  0x0000000000004da4      0x207 zephyr/arch/arch/arm/core/aarch32/cortex_m/mpu/libarch__arm__core__aarch32__cortex_m__mpu.a(arm_core_mpu.c.obj)
 .debug_abbrev  0x0000000000004fab      0x4c6 zephyr/arch/arch/arm/core/aarch32/cortex_m/mpu/libarch__arm__core__aarch32__cortex_m__mpu.a(arm_mpu.c.obj)
 .debug_abbrev  0x0000000000005471      0x191 zephyr/lib/libc/minimal/liblib__libc__minimal.a(string.c.obj)
 .debug_abbrev  0x0000000000005602      0x25a zephyr/lib/libc/minimal/liblib__libc__minimal.a(stdout_console.c.obj)
 .debug_abbrev  0x000000000000585c       0xf3 zephyr/soc/arm/common/cortex_m/libsoc__arm__common__cortex_m.a(arm_mpu_regions.c.obj)
 .debug_abbrev  0x000000000000594f      0x3f1 zephyr/soc/arm/nordic_nrf/nrf52/libsoc__arm__nordic_nrf__nrf52.a(soc.c.obj)
 .debug_abbrev  0x0000000000005d40      0x5d1 zephyr/drivers/gpio/libdrivers__gpio.a(gpio_nrfx.c.obj)
 .debug_abbrev  0x0000000000006311      0x590 zephyr/drivers/serial/libdrivers__serial.a(uart_nrfx_uart.c.obj)
 .debug_abbrev  0x00000000000068a1      0x4e0 zephyr/drivers/serial/libdrivers__serial.a(uart_nrfx_uarte.c.obj)
 .debug_abbrev  0x0000000000006d81      0x265 modules/nordic/lib..__modules__hal__nordic.a(system_nrf52840.c.obj)
 .debug_abbrev  0x0000000000006fe6      0x26c modules/nordic/lib..__modules__hal__nordic.a(nrfx_glue.c.obj)
 .debug_abbrev  0x0000000000007252      0x4ad modules/nordic/lib..__modules__hal__nordic.a(nrfx_clock.c.obj)
 .debug_abbrev  0x00000000000076ff      0x4b5 modules/nordic/lib..__modules__hal__nordic.a(nrfx_power.c.obj)
 .debug_abbrev  0x0000000000007bb4      0x2ed zephyr/kernel/libkernel.a(device.c.obj)
 .debug_abbrev  0x0000000000007ea1      0x1cf zephyr/kernel/libkernel.a(errno.c.obj)
 .debug_abbrev  0x0000000000008070      0x45f zephyr/kernel/libkernel.a(fatal.c.obj)
 .debug_abbrev  0x00000000000084cf      0x2f2 zephyr/kernel/libkernel.a(idle.c.obj)
 .debug_abbrev  0x00000000000087c1      0x606 zephyr/kernel/libkernel.a(init.c.obj)
 .debug_abbrev  0x0000000000008dc7      0x66a zephyr/kernel/libkernel.a(sched.c.obj)
 .debug_abbrev  0x0000000000009431      0x39d zephyr/kernel/libkernel.a(sem.c.obj)
 .debug_abbrev  0x00000000000097ce      0x57d zephyr/kernel/libkernel.a(thread.c.obj)
 .debug_abbrev  0x0000000000009d4b      0x4e4 zephyr/kernel/libkernel.a(timeout.c.obj)
 .debug_abbrev  0x000000000000a22f      0x3b7 zephyr/kernel/libkernel.a(kheap.c.obj)
 .debug_abbrev  0x000000000000a5e6      0x1bb zephyr/CMakeFiles/offsets.dir/./arch/arm/core/offsets/offsets.c.obj

.debug_line     0x0000000000000000    0x16332
 *(SORT_BY_ALIGNMENT(.debug_line) SORT_BY_ALIGNMENT(.debug_line.*) SORT_BY_ALIGNMENT(.debug_line_end))
 .debug_line    0x0000000000000000      0x2df app/libapp.a(main.c.obj)
 .debug_line    0x00000000000002df      0x668 zephyr/libzephyr.a(fdtable.c.obj)
 .debug_line    0x0000000000000947      0x371 zephyr/libzephyr.a(notify.c.obj)
 .debug_line    0x0000000000000cb8      0x855 zephyr/libzephyr.a(printk.c.obj)
 .debug_line    0x000000000000150d     0x126d zephyr/libzephyr.a(onoff.c.obj)
 .debug_line    0x000000000000277a      0x344 zephyr/libzephyr.a(thread_entry.c.obj)
 .debug_line    0x0000000000002abe      0xdbb zephyr/libzephyr.a(heap.c.obj)
 .debug_line    0x0000000000003879      0x156 zephyr/libzephyr.a(configs.c.obj)
 .debug_line    0x00000000000039cf      0x3f1 zephyr/libzephyr.a(uart_console.c.obj)
 .debug_line    0x0000000000003dc0     0x1032 zephyr/libzephyr.a(clock_control_nrf.c.obj)
 .debug_line    0x0000000000004df2      0x321 zephyr/libzephyr.a(sys_clock_init.c.obj)
 .debug_line    0x0000000000005113      0xb1e zephyr/libzephyr.a(nrf_rtc_timer.c.obj)
 .debug_line    0x0000000000005c31     0x1310 zephyr/libzephyr.a(SEGGER_RTT.c.obj)
 .debug_line    0x0000000000006f41      0x2f1 zephyr/libzephyr.a(SEGGER_RTT_zephyr.c.obj)
 .debug_line    0x0000000000007232      0x1a3 zephyr/arch/common/libarch__common.a(isr_tables.c.obj)
 .debug_line    0x00000000000073d5      0x36d zephyr/arch/arch/arm/core/aarch32/libarch__arm__core__aarch32.a(swap.c.obj)
 .debug_line    0x0000000000007742       0xba zephyr/arch/arch/arm/core/aarch32/libarch__arm__core__aarch32.a(swap_helper.S.obj)
 .debug_line    0x00000000000077fc      0x44d zephyr/arch/arch/arm/core/aarch32/libarch__arm__core__aarch32.a(irq_manage.c.obj)
 .debug_line    0x0000000000007c49      0x3e6 zephyr/arch/arch/arm/core/aarch32/libarch__arm__core__aarch32.a(thread.c.obj)
 .debug_line    0x000000000000802f       0x9f zephyr/arch/arch/arm/core/aarch32/libarch__arm__core__aarch32.a(cpu_idle.S.obj)
 .debug_line    0x00000000000080ce      0x37e zephyr/arch/arch/arm/core/aarch32/libarch__arm__core__aarch32.a(fatal.c.obj)
 .debug_line    0x000000000000844c      0x2c4 zephyr/arch/arch/arm/core/aarch32/libarch__arm__core__aarch32.a(nmi.c.obj)
 .debug_line    0x0000000000008710       0x6e zephyr/arch/arch/arm/core/aarch32/libarch__arm__core__aarch32.a(nmi_on_reset.S.obj)
 .debug_line    0x000000000000877e      0x3f0 zephyr/arch/arch/arm/core/aarch32/libarch__arm__core__aarch32.a(prep_c.c.obj)
 .debug_line    0x0000000000008b6e       0x96 zephyr/arch/arch/arm/core/aarch32/libarch__arm__core__aarch32.a(isr_wrapper.S.obj)
 .debug_line    0x0000000000008c04       0x80 zephyr/arch/arch/arm/core/aarch32/cortex_m/libarch__arm__core__aarch32__cortex_m.a(reset.S.obj)
 .debug_line    0x0000000000008c84       0x7b zephyr/arch/arch/arm/core/aarch32/cortex_m/libarch__arm__core__aarch32__cortex_m.a(fault_s.S.obj)
 .debug_line    0x0000000000008cff      0x736 zephyr/arch/arch/arm/core/aarch32/cortex_m/libarch__arm__core__aarch32__cortex_m.a(fault.c.obj)
 .debug_line    0x0000000000009435       0x81 zephyr/arch/arch/arm/core/aarch32/cortex_m/libarch__arm__core__aarch32__cortex_m.a(exc_exit.S.obj)
 .debug_line    0x00000000000094b6      0x266 zephyr/arch/arch/arm/core/aarch32/cortex_m/libarch__arm__core__aarch32__cortex_m.a(irq_init.c.obj)
 .debug_line    0x000000000000971c      0x40b zephyr/arch/arch/arm/core/aarch32/cortex_m/libarch__arm__core__aarch32__cortex_m.a(thread_abort.c.obj)
 .debug_line    0x0000000000009b27      0x3b5 zephyr/arch/arch/arm/core/aarch32/cortex_m/mpu/libarch__arm__core__aarch32__cortex_m__mpu.a(arm_core_mpu.c.obj)
 .debug_line    0x0000000000009edc      0x7ce zephyr/arch/arch/arm/core/aarch32/cortex_m/mpu/libarch__arm__core__aarch32__cortex_m__mpu.a(arm_mpu.c.obj)
 .debug_line    0x000000000000a6aa      0x601 zephyr/lib/libc/minimal/liblib__libc__minimal.a(string.c.obj)
 .debug_line    0x000000000000acab      0x2ec zephyr/lib/libc/minimal/liblib__libc__minimal.a(stdout_console.c.obj)
 .debug_line    0x000000000000af97      0x1b4 zephyr/soc/arm/common/cortex_m/libsoc__arm__common__cortex_m.a(arm_mpu_regions.c.obj)
 .debug_line    0x000000000000b14b      0x4c6 zephyr/soc/arm/nordic_nrf/nrf52/libsoc__arm__nordic_nrf__nrf52.a(soc.c.obj)
 .debug_line    0x000000000000b611     0x11b8 zephyr/drivers/gpio/libdrivers__gpio.a(gpio_nrfx.c.obj)
 .debug_line    0x000000000000c7c9      0xa4f zephyr/drivers/serial/libdrivers__serial.a(uart_nrfx_uart.c.obj)
 .debug_line    0x000000000000d218      0xb59 zephyr/drivers/serial/libdrivers__serial.a(uart_nrfx_uarte.c.obj)
 .debug_line    0x000000000000dd71      0x45a modules/nordic/lib..__modules__hal__nordic.a(system_nrf52840.c.obj)
 .debug_line    0x000000000000e1cb      0x3ff modules/nordic/lib..__modules__hal__nordic.a(nrfx_glue.c.obj)
 .debug_line    0x000000000000e5ca      0x900 modules/nordic/lib..__modules__hal__nordic.a(nrfx_clock.c.obj)
 .debug_line    0x000000000000eeca      0x9da modules/nordic/lib..__modules__hal__nordic.a(nrfx_power.c.obj)
 .debug_line    0x000000000000f8a4      0x417 zephyr/kernel/libkernel.a(device.c.obj)
 .debug_line    0x000000000000fcbb      0x2dc zephyr/kernel/libkernel.a(errno.c.obj)
 .debug_line    0x000000000000ff97      0x5bd zephyr/kernel/libkernel.a(fatal.c.obj)
 .debug_line    0x0000000000010554      0x42a zephyr/kernel/libkernel.a(idle.c.obj)
 .debug_line    0x000000000001097e      0x837 zephyr/kernel/libkernel.a(init.c.obj)
 .debug_line    0x00000000000111b5     0x2b1b zephyr/kernel/libkernel.a(sched.c.obj)
 .debug_line    0x0000000000013cd0      0x564 zephyr/kernel/libkernel.a(sem.c.obj)
 .debug_line    0x0000000000014234      0x9b2 zephyr/kernel/libkernel.a(thread.c.obj)
 .debug_line    0x0000000000014be6      0xe1f zephyr/kernel/libkernel.a(timeout.c.obj)
 .debug_line    0x0000000000015a05      0x5bb zephyr/kernel/libkernel.a(kheap.c.obj)
 .debug_line    0x0000000000015fc0      0x372 zephyr/CMakeFiles/offsets.dir/./arch/arm/core/offsets/offsets.c.obj

.debug_frame    0x0000000000000000     0x2600
 *(SORT_BY_ALIGNMENT(.debug_frame))
 .debug_frame   0x0000000000000000       0x20 app/libapp.a(main.c.obj)
 .debug_frame   0x0000000000000020       0xc4 zephyr/libzephyr.a(fdtable.c.obj)
 .debug_frame   0x00000000000000e4       0x30 zephyr/libzephyr.a(notify.c.obj)
 .debug_frame   0x0000000000000114      0x178 zephyr/libzephyr.a(printk.c.obj)
 .debug_frame   0x000000000000028c      0x184 zephyr/libzephyr.a(onoff.c.obj)
 .debug_frame   0x0000000000000410       0x28 zephyr/libzephyr.a(thread_entry.c.obj)
 .debug_frame   0x0000000000000438      0x208 zephyr/libzephyr.a(heap.c.obj)
 .debug_frame   0x0000000000000640       0x20 zephyr/libzephyr.a(configs.c.obj)
 .debug_frame   0x0000000000000660       0x44 zephyr/libzephyr.a(uart_console.c.obj)
 .debug_frame   0x00000000000006a4      0x250 zephyr/libzephyr.a(clock_control_nrf.c.obj)
 .debug_frame   0x00000000000008f4       0x70 zephyr/libzephyr.a(sys_clock_init.c.obj)
 .debug_frame   0x0000000000000964       0x8c zephyr/libzephyr.a(nrf_rtc_timer.c.obj)
 .debug_frame   0x00000000000009f0      0x3d4 zephyr/libzephyr.a(SEGGER_RTT.c.obj)
 .debug_frame   0x0000000000000dc4       0x28 zephyr/libzephyr.a(SEGGER_RTT_zephyr.c.obj)
 .debug_frame   0x0000000000000dec       0x20 zephyr/arch/arch/arm/core/aarch32/libarch__arm__core__aarch32.a(swap.c.obj)
 .debug_frame   0x0000000000000e0c       0x78 zephyr/arch/arch/arm/core/aarch32/libarch__arm__core__aarch32.a(irq_manage.c.obj)
 .debug_frame   0x0000000000000e84       0x38 zephyr/arch/arch/arm/core/aarch32/libarch__arm__core__aarch32.a(thread.c.obj)
 .debug_frame   0x0000000000000ebc       0x48 zephyr/arch/arch/arm/core/aarch32/libarch__arm__core__aarch32.a(fatal.c.obj)
 .debug_frame   0x0000000000000f04       0x2c zephyr/arch/arch/arm/core/aarch32/libarch__arm__core__aarch32.a(nmi.c.obj)
 .debug_frame   0x0000000000000f30       0x28 zephyr/arch/arch/arm/core/aarch32/libarch__arm__core__aarch32.a(prep_c.c.obj)
 .debug_frame   0x0000000000000f58       0x78 zephyr/arch/arch/arm/core/aarch32/cortex_m/libarch__arm__core__aarch32__cortex_m.a(fault.c.obj)
 .debug_frame   0x0000000000000fd0       0x20 zephyr/arch/arch/arm/core/aarch32/cortex_m/libarch__arm__core__aarch32__cortex_m.a(irq_init.c.obj)